Archive member included to satisfy reference by file (symbol)

.\CortexM3\ARM_GCC_541\Debug\nav_control.a(XBEE.o)
                              .\CortexM3\ARM_GCC_541\Debug\main.o (XBEE_Start)
.\CortexM3\ARM_GCC_541\Debug\nav_control.a(LCD.o)
                              .\CortexM3\ARM_GCC_541\Debug\main.o (LCD_PrintString)
.\CortexM3\ARM_GCC_541\Debug\nav_control.a(Hall_Interrupt.o)
                              .\CortexM3\ARM_GCC_541\Debug\main.o (Hall_Interrupt_SetVector)
.\CortexM3\ARM_GCC_541\Debug\nav_control.a(Counter.o)
                              .\CortexM3\ARM_GCC_541\Debug\main.o (Counter_ReadCapture)
.\CortexM3\ARM_GCC_541\Debug\nav_control.a(Counter_Interrupt.o)
                              .\CortexM3\ARM_GCC_541\Debug\main.o (Counter_Interrupt_Start)
.\CortexM3\ARM_GCC_541\Debug\nav_control.a(Counter_Reset.o)
                              .\CortexM3\ARM_GCC_541\Debug\main.o (Counter_Reset_Write)
.\CortexM3\ARM_GCC_541\Debug\nav_control.a(PWM_Motor.o)
                              .\CortexM3\ARM_GCC_541\Debug\main.o (PWM_Motor_WriteCompare)
.\CortexM3\ARM_GCC_541\Debug\nav_control.a(XBEE_IntClock.o)
                              .\CortexM3\ARM_GCC_541\Debug\nav_control.a(XBEE.o) (XBEE_IntClock_Start)
.\CortexM3\ARM_GCC_541\Debug\nav_control.a(CyLib.o)
                              .\CortexM3\ARM_GCC_541\Debug\Cm3Start.o (CyHalt)
.\CortexM3\ARM_GCC_541\Debug\nav_control.a(cyPm.o)
                              .\CortexM3\ARM_GCC_541\Debug\nav_control.a(CyLib.o) (CyPmReadStatus)
.\CortexM3\ARM_GCC_541\Debug\nav_control.a(Servo_PWM.o)
                              .\CortexM3\ARM_GCC_541\Debug\main.o (Servo_PWM_WriteCompare)
.\CortexM3\ARM_GCC_541\Debug\nav_control.a(H_Sync_Int.o)
                              .\CortexM3\ARM_GCC_541\Debug\main.o (H_Sync_Int_SetVector)
.\CortexM3\ARM_GCC_541\Debug\nav_control.a(V_Sync_Int.o)
                              .\CortexM3\ARM_GCC_541\Debug\main.o (V_Sync_Int_SetVector)
.\CortexM3\ARM_GCC_541\Debug\nav_control.a(Threshold_Comparator.o)
                              .\CortexM3\ARM_GCC_541\Debug\main.o (Threshold_Comparator_Start)
.\CortexM3\ARM_GCC_541\Debug\nav_control.a(Line_Timer.o)
                              .\CortexM3\ARM_GCC_541\Debug\nav_control.o (Line_Timer_ReadCapture)
.\CortexM3\ARM_GCC_541\Debug\nav_control.a(Line_Time_Reset.o)
                              .\CortexM3\ARM_GCC_541\Debug\nav_control.o (Line_Time_Reset_Write)
.\CortexM3\ARM_GCC_541\Debug\nav_control.a(Line_Int.o)
                              .\CortexM3\ARM_GCC_541\Debug\main.o (Line_Int_SetVector)
.\CortexM3\ARM_GCC_541\Debug\nav_control.a(Porch_Int.o)
                              .\CortexM3\ARM_GCC_541\Debug\main.o (Porch_Int_SetVector)
.\CortexM3\ARM_GCC_541\Debug\nav_control.a(Go_Again_Int.o)
                              .\CortexM3\ARM_GCC_541\Debug\main.o (Go_Again_Int_SetVector)
.\CortexM3\ARM_GCC_541\Debug\nav_control.a(To_Pi.o)
                              .\CortexM3\ARM_GCC_541\Debug\main.o (To_Pi_Write)
.\CortexM3\ARM_GCC_541\Debug\nav_control.a(From_Pi.o)
                              .\CortexM3\ARM_GCC_541\Debug\main.o (From_Pi_Read)
.\CortexM3\ARM_GCC_541\Debug\nav_control.a(CyBootAsmGnu.o)
                              .\CortexM3\ARM_GCC_541\Debug\cyfitter_cfg.o (CyDelayCycles)
.\CortexM3\ARM_GCC_541\Debug\nav_control.a(CyFlash.o)
                              .\CortexM3\ARM_GCC_541\Debug\nav_control.a(cyPm.o) (CyFlash_SetWaitCycles)
.\CortexM3\ARM_GCC_541\Debug\nav_control.a(CySpc.o)
                              .\CortexM3\ARM_GCC_541\Debug\nav_control.a(CyFlash.o) (CySpcStart)
c:/program files (x86)/cypress/psoc creator/4.2/psoc creator/import/gnu/arm/5.4.1/bin/../lib/gcc/arm-none-eabi/5.4.1/armv7-m\libgcc.a(_arm_truncdfsf2.o)
                              .\CortexM3\ARM_GCC_541\Debug\main.o (__aeabi_d2f)
c:/program files (x86)/cypress/psoc creator/4.2/psoc creator/import/gnu/arm/5.4.1/bin/../lib/gcc/arm-none-eabi/5.4.1/armv7-m\libgcc.a(_arm_addsubsf3.o)
                              .\CortexM3\ARM_GCC_541\Debug\main.o (__aeabi_fsub)
c:/program files (x86)/cypress/psoc creator/4.2/psoc creator/import/gnu/arm/5.4.1/bin/../lib/gcc/arm-none-eabi/5.4.1/armv7-m\libgcc.a(_arm_muldivsf3.o)
                              .\CortexM3\ARM_GCC_541\Debug\main.o (__aeabi_fmul)
c:/program files (x86)/cypress/psoc creator/4.2/psoc creator/import/gnu/arm/5.4.1/bin/../lib/gcc/arm-none-eabi/5.4.1/armv7-m\libgcc.a(_arm_cmpsf2.o)
                              .\CortexM3\ARM_GCC_541\Debug\main.o (__aeabi_fcmpgt)
c:/program files (x86)/cypress/psoc creator/4.2/psoc creator/import/gnu/arm/5.4.1/bin/../lib/gcc/arm-none-eabi/5.4.1/armv7-m\libgcc.a(_arm_fixsfsi.o)
                              .\CortexM3\ARM_GCC_541\Debug\main.o (__aeabi_f2iz)
c:/program files (x86)/cypress/psoc creator/4.2/psoc creator/import/gnu/arm/5.4.1/bin/../lib/gcc/arm-none-eabi/5.4.1/armv7-m\libgcc.a(_arm_fixunssfsi.o)
                              .\CortexM3\ARM_GCC_541\Debug\main.o (__aeabi_f2uiz)
[...]
Memory Configuration

Name             Origin             Length             Attributes
rom              0x00000000         0x00040000         xr
ram              0x1fff8000         0x00010000         xrw
*default*        0x00000000         0xffffffff

Linker script and memory map

LOAD c:/program files (x86)/cypress/psoc creator/4.2/psoc creator/import/gnu/arm/5.4.1/bin/../lib/gcc/arm-none-eabi/5.4.1/armv7-m/crti.o
LOAD c:/program files (x86)/cypress/psoc creator/4.2/psoc creator/import/gnu/arm/5.4.1/bin/../lib/gcc/arm-none-eabi/5.4.1/armv7-m/crtbegin.o
LOAD c:/program files (x86)/cypress/psoc creator/4.2/psoc creator/import/gnu/arm/5.4.1/bin/../lib/gcc/arm-none-eabi/5.4.1/../../../../arm-none-eabi/lib/armv7-m/crt0.o
START GROUP
LOAD .\CortexM3\ARM_GCC_541\Debug\main.o
LOAD .\CortexM3\ARM_GCC_541\Debug\nav_control.o
LOAD .\CortexM3\ARM_GCC_541\Debug\balloon.o
LOAD .\CortexM3\ARM_GCC_541\Debug\cyfitter_cfg.o
LOAD .\CortexM3\ARM_GCC_541\Debug\cymetadata.o
LOAD .\CortexM3\ARM_GCC_541\Debug\Cm3Start.o
LOAD .\CortexM3\ARM_GCC_541\Debug\nav_control.a
LOAD C:\Program Files (x86)\Cypress\PSoC Creator\4.2\PSoC Creator\psoc\content\cycomponentlibrary\CyComponentLibrary.cylib\CortexM3\ARM_GCC_541\Debug\CyComponentLibrary.a
END GROUP
START GROUP
LOAD c:/program files (x86)/cypress/psoc creator/4.2/psoc creator/import/gnu/arm/5.4.1/bin/../lib/gcc/arm-none-eabi/5.4.1/armv7-m\libgcc.a
LOAD c:/program files (x86)/cypress/psoc creator/4.2/psoc creator/import/gnu/arm/5.4.1/bin/../lib/gcc/arm-none-eabi/5.4.1/../../../../arm-none-eabi/lib/armv7-m\libg_nano.a
LOAD c:/program files (x86)/cypress/psoc creator/4.2/psoc creator/import/gnu/arm/5.4.1/bin/../lib/gcc/arm-none-eabi/5.4.1/../../../../arm-none-eabi/lib/armv7-m\libc_nano.a
END GROUP
START GROUP
LOAD c:/program files (x86)/cypress/psoc creator/4.2/psoc creator/import/gnu/arm/5.4.1/bin/../lib/gcc/arm-none-eabi/5.4.1/armv7-m\libgcc.a
LOAD c:/program files (x86)/cypress/psoc creator/4.2/psoc creator/import/gnu/arm/5.4.1/bin/../lib/gcc/arm-none-eabi/5.4.1/../../../../arm-none-eabi/lib/armv7-m\libc_nano.a
END GROUP
LOAD c:/program files (x86)/cypress/psoc creator/4.2/psoc creator/import/gnu/arm/5.4.1/bin/../lib/gcc/arm-none-eabi/5.4.1/armv7-m/crtend.o
LOAD c:/program files (x86)/cypress/psoc creator/4.2/psoc creator/import/gnu/arm/5.4.1/bin/../lib/gcc/arm-none-eabi/5.4.1/armv7-m/crtn.o
START GROUP
LOAD c:/program files (x86)/cypress/psoc creator/4.2/psoc creator/import/gnu/arm/5.4.1/bin/../lib/gcc/arm-none-eabi/5.4.1/armv7-m\libgcc.a
LOAD c:/program files (x86)/cypress/psoc creator/4.2/psoc creator/import/gnu/arm/5.4.1/bin/../lib/gcc/arm-none-eabi/5.4.1/../../../../arm-none-eabi/lib/armv7-m\libc.a
LOAD c:/program files (x86)/cypress/psoc creator/4.2/psoc creator/import/gnu/arm/5.4.1/bin/../lib/gcc/arm-none-eabi/5.4.1/../../../../arm-none-eabi/lib/armv7-m\libnosys.a
END GROUP
                0x00000000                CY_APPL_ORIGIN = 0x0
                0x00000100                CY_FLASH_ROW_SIZE = 0x100
                0x00000020                CY_ECC_ROW_SIZE = 0x20
                0x00000000                CY_EE_IN_BTLDR = 0x0
                0x00000000                CY_APPL_LOADABLE = 0x0
                0x00000800                CY_EE_SIZE = 0x800
                0x00000001                CY_APPL_NUM = 0x1
                0x00000001                CY_APPL_MAX = 0x1
                0x00000040                CY_METADATA_SIZE = 0x40
                0x00000000                CY_APPL_LOADABLE = 0x0
                0x00000000                CY_CHECKSUM_EXCLUDE_SIZE = ALIGN (0x0, CY_FLASH_ROW_SIZE)
                [!provide]                PROVIDE (__cy_heap_start, _end)
                0x00000001                PROVIDE (__cy_region_num, ((__cy_regions_end - __cy_regions) / 0x10))
                0x20008000                PROVIDE (__cy_stack, (ORIGIN (ram) + LENGTH (ram)))
                [!provide]                PROVIDE (__cy_heap_end, (__cy_stack - 0x800))

.cybootloader   0x00000000        0x0
 *(.cybootloader)
                0x00000000                appl1_start = CY_APPL_ORIGIN?CY_APPL_ORIGIN:ALIGN (CY_FLASH_ROW_SIZE)
                0x0001ff00                appl2_start = (appl1_start + ALIGN ((((LENGTH (rom) - appl1_start) - (0x2 * CY_FLASH_ROW_SIZE)) / 0x2), CY_FLASH_ROW_SIZE))
                0x00000000                appl_start = (CY_APPL_NUM == 0x1)?appl1_start:appl2_start
                0x00000000                ecc_offset = ((appl_start / CY_FLASH_ROW_SIZE) * CY_ECC_ROW_SIZE)
                0x00000000                ee_offset = (CY_APPL_LOADABLE && ! (CY_EE_IN_BTLDR))?((CY_EE_SIZE / CY_APPL_MAX) * (CY_APPL_NUM - 0x1)):0x0
                0x00000800                ee_size = (CY_APPL_LOADABLE && ! (CY_EE_IN_BTLDR))?(CY_EE_SIZE / CY_APPL_MAX):CY_EE_SIZE
                [!provide]                PROVIDE (CY_ECC_OFFSET, ecc_offset)

.text           0x00000000     0x4a94
 CREATE_OBJECT_SYMBOLS
                0x00000000                PROVIDE (__cy_interrupt_vector, RomVectors)
 *(.romvectors)
 .romvectors    0x00000000       0x10 .\CortexM3\ARM_GCC_541\Debug\Cm3Start.o
                0x00000000                RomVectors
                0x00000001                ASSERT ((. != __cy_interrupt_vector), No interrupt vector)
                0x00000001                ASSERT (CY_APPL_ORIGIN?(SIZEOF (.cybootloader) <= CY_APPL_ORIGIN):0x1, Wrong image location)
                0x00000010                PROVIDE (__cy_reset, Reset)
 *(.text.Reset)
 .text.Reset    0x00000010       0x18 .\CortexM3\ARM_GCC_541\Debug\Cm3Start.o
                0x00000010                Reset
                0x00000001                ASSERT ((. != __cy_reset), No reset code)
 *(.dma_init)
                0x00000001                ASSERT ((((appl_start + .) <= 0x10000) || 0x1), DMA Init must be within the first 64k of flash)
 *(.text .text.* .gnu.linkonce.t.*)
 .text          0x00000028       0x5c c:/program files (x86)/cypress/psoc creator/4.2/psoc creator/import/gnu/arm/5.4.1/bin/../lib/gcc/arm-none-eabi/5.4.1/armv7-m/crtbegin.o
 .text.Go_Again_Int_ISR
                0x00000084        0x4 .\CortexM3\ARM_GCC_541\Debug\main.o
                0x00000084                Go_Again_Int_ISR
 .text.PID_SetVal
                0x00000088       0x24 .\CortexM3\ARM_GCC_541\Debug\main.o
 .text.PID_Control
                0x000000ac       0xa4 .\CortexM3\ARM_GCC_541\Debug\main.o
                0x000000ac                PID_Control
 .text.inter    0x00000150       0x7c .\CortexM3\ARM_GCC_541\Debug\main.o
                0x00000150                inter
 .text.LCD_Reset
                0x000001cc       0x14 .\CortexM3\ARM_GCC_541\Debug\main.o
                0x000001cc                LCD_Reset
 .text.main     0x000001e0      0x4e0 .\CortexM3\ARM_GCC_541\Debug\main.o
                0x000001e0                main
 .text.Servo_PWM_AngleCalc
                0x000006c0       0x38 .\CortexM3\ARM_GCC_541\Debug\nav_control.o
                0x000006c0                Servo_PWM_AngleCalc
 .text.print_xbee
                0x000006f8       0x1c .\CortexM3\ARM_GCC_541\Debug\nav_control.o
                0x000006f8                print_xbee
 .text.Servo_PID_Control
                0x00000714       0x40 .\CortexM3\ARM_GCC_541\Debug\nav_control.o
                0x00000714                Servo_PID_Control
 .text.Porch_Int_ISR
                0x00000754       0x1c .\CortexM3\ARM_GCC_541\Debug\nav_control.o
                0x00000754                Porch_Int_ISR
 .text.Line_Int_ISR
                0x00000770       0x9c .\CortexM3\ARM_GCC_541\Debug\nav_control.o
                0x00000770                Line_Int_ISR
 .text.V_Sync_ISR
                0x0000080c        0xc .\CortexM3\ARM_GCC_541\Debug\nav_control.o
                0x0000080c                V_Sync_ISR
 .text.H_Sync_ISR
                0x00000818       0x68 .\CortexM3\ARM_GCC_541\Debug\nav_control.o
                0x00000818                H_Sync_ISR
 .text.CyClockStartupError
                0x00000880        0x4 .\CortexM3\ARM_GCC_541\Debug\cyfitter_cfg.o
 .text.cfg_write_bytes32
                0x00000884       0x34 .\CortexM3\ARM_GCC_541\Debug\cyfitter_cfg.o
 .text.AnalogSetDefault
                0x000008b8       0x40 .\CortexM3\ARM_GCC_541\Debug\cyfitter_cfg.o
 .text.CYMEMZERO
                0x000008f8        0xc .\CortexM3\ARM_GCC_541\Debug\cyfitter_cfg.o
 .text.CYCONFIGCPY
                0x00000904        0x8 .\CortexM3\ARM_GCC_541\Debug\cyfitter_cfg.o
 .text.ClockSetup
                0x0000090c      0x114 .\CortexM3\ARM_GCC_541\Debug\cyfitter_cfg.o
 .text.cyfitter_cfg
                0x00000a20      0x14c .\CortexM3\ARM_GCC_541\Debug\cyfitter_cfg.o
                0x00000a20                cyfitter_cfg
 .text.IntDefaultHandler
                0x00000b6c       0x10 .\CortexM3\ARM_GCC_541\Debug\Cm3Start.o
                0x00000b6c                IntDefaultHandler
 .text._sbrk    0x00000b7c       0x30 .\CortexM3\ARM_GCC_541\Debug\Cm3Start.o
                0x00000b7c                _sbrk
 .text.Start_c  0x00000bac       0x4c .\CortexM3\ARM_GCC_541\Debug\Cm3Start.o
                0x00000bac                Start_c
 .text.initialize_psoc
                0x00000bf8       0x68 .\CortexM3\ARM_GCC_541\Debug\Cm3Start.o
                0x00000bf8                initialize_psoc
 .text.XBEE_Init
                0x00000c60       0x24 .\CortexM3\ARM_GCC_541\Debug\nav_control.a(XBEE.o)
                0x00000c60                XBEE_Init
 .text.XBEE_Enable
                0x00000c84       0x38 .\CortexM3\ARM_GCC_541\Debug\nav_control.a(XBEE.o)
                0x00000c84                XBEE_Enable
 .text.XBEE_Start
                0x00000cbc       0x1c .\CortexM3\ARM_GCC_541\Debug\nav_control.a(XBEE.o)
                0x00000cbc                XBEE_Start
 .text.XBEE_GetChar
                0x00000cd8       0x2c .\CortexM3\ARM_GCC_541\Debug\nav_control.a(XBEE.o)
                0x00000cd8                XBEE_GetChar
 .text.XBEE_PutChar
                0x00000d04       0x18 .\CortexM3\ARM_GCC_541\Debug\nav_control.a(XBEE.o)
                0x00000d04                XBEE_PutChar
 .text.XBEE_PutString
                0x00000d1c       0x24 .\CortexM3\ARM_GCC_541\Debug\nav_control.a(XBEE.o)
                0x00000d1c                XBEE_PutString
 .text.LCD_WrCntrlNib
                0x00000d40       0x34 .\CortexM3\ARM_GCC_541\Debug\nav_control.a(LCD.o)
 .text.LCD_WrDatNib
                0x00000d74       0x44 .\CortexM3\ARM_GCC_541\Debug\nav_control.a(LCD.o)
 .text.LCD_IsReady
                0x00000db8       0xe4 .\CortexM3\ARM_GCC_541\Debug\nav_control.a(LCD.o)
                0x00000db8                LCD_IsReady
 .text.LCD_WriteData
                0x00000e9c       0x18 .\CortexM3\ARM_GCC_541\Debug\nav_control.a(LCD.o)
                0x00000e9c                LCD_WriteData
 .text.LCD_PrintString
                0x00000eb4       0x1c .\CortexM3\ARM_GCC_541\Debug\nav_control.a(LCD.o)
                0x00000eb4                LCD_PrintString
 .text.LCD_PutChar
                0x00000ed0        0x8 .\CortexM3\ARM_GCC_541\Debug\nav_control.a(LCD.o)
                0x00000ed0                LCD_PutChar
 .text.LCD_WriteControl
                0x00000ed8       0x18 .\CortexM3\ARM_GCC_541\Debug\nav_control.a(LCD.o)
                0x00000ed8                LCD_WriteControl
 .text.LCD_Init
                0x00000ef0       0x6c .\CortexM3\ARM_GCC_541\Debug\nav_control.a(LCD.o)
                0x00000ef0                LCD_Init
 .text.LCD_Enable
                0x00000f5c       0x14 .\CortexM3\ARM_GCC_541\Debug\nav_control.a(LCD.o)
                0x00000f5c                LCD_Enable
 .text.LCD_Start
                0x00000f70       0x1c .\CortexM3\ARM_GCC_541\Debug\nav_control.a(LCD.o)
                0x00000f70                LCD_Start
 .text.LCD_Position
                0x00000f8c       0x3c .\CortexM3\ARM_GCC_541\Debug\nav_control.a(LCD.o)
                0x00000f8c                LCD_Position
 .text.Hall_Interrupt_Interrupt
                0x00000fc8        0x4 .\CortexM3\ARM_GCC_541\Debug\nav_control.a(Hall_Interrupt.o)
                0x00000fc8                Hall_Interrupt_Interrupt
 .text.Hall_Interrupt_SetVector
                0x00000fcc        0xc .\CortexM3\ARM_GCC_541\Debug\nav_control.a(Hall_Interrupt.o)
                0x00000fcc                Hall_Interrupt_SetVector
 .text.Hall_Interrupt_SetPriority
                0x00000fd8       0x10 .\CortexM3\ARM_GCC_541\Debug\nav_control.a(Hall_Interrupt.o)
                0x00000fd8                Hall_Interrupt_SetPriority
 .text.Hall_Interrupt_Enable
                0x00000fe8        0xc .\CortexM3\ARM_GCC_541\Debug\nav_control.a(Hall_Interrupt.o)
                0x00000fe8                Hall_Interrupt_Enable
 .text.Hall_Interrupt_Disable
                0x00000ff4        0xc .\CortexM3\ARM_GCC_541\Debug\nav_control.a(Hall_Interrupt.o)
                0x00000ff4                Hall_Interrupt_Disable
 .text.Hall_Interrupt_Start
                0x00001000       0x1c .\CortexM3\ARM_GCC_541\Debug\nav_control.a(Hall_Interrupt.o)
                0x00001000                Hall_Interrupt_Start
 .text.Counter_Enable
                0x0000101c       0x10 .\CortexM3\ARM_GCC_541\Debug\nav_control.a(Counter.o)
                0x0000101c                Counter_Enable
 .text.Counter_SetInterruptMode
                0x0000102c        0xc .\CortexM3\ARM_GCC_541\Debug\nav_control.a(Counter.o)
                0x0000102c                Counter_SetInterruptMode
 .text.Counter_ReadStatusRegister
                0x00001038        0xc .\CortexM3\ARM_GCC_541\Debug\nav_control.a(Counter.o)
                0x00001038                Counter_ReadStatusRegister
 .text.Counter_WritePeriod
                0x00001044        0xc .\CortexM3\ARM_GCC_541\Debug\nav_control.a(Counter.o)
                0x00001044                Counter_WritePeriod
 .text.Counter_ReadCapture
                0x00001050        0xc .\CortexM3\ARM_GCC_541\Debug\nav_control.a(Counter.o)
                0x00001050                Counter_ReadCapture
 .text.Counter_WriteCounter
                0x0000105c        0xc .\CortexM3\ARM_GCC_541\Debug\nav_control.a(Counter.o)
                0x0000105c                Counter_WriteCounter
 .text.Counter_ClearFIFO
                0x00001068       0x14 .\CortexM3\ARM_GCC_541\Debug\nav_control.a(Counter.o)
                0x00001068                Counter_ClearFIFO
 .text.Counter_Init
                0x0000107c       0x34 .\CortexM3\ARM_GCC_541\Debug\nav_control.a(Counter.o)
                0x0000107c                Counter_Init
 .text.Counter_Start
                0x000010b0       0x1c .\CortexM3\ARM_GCC_541\Debug\nav_control.a(Counter.o)
                0x000010b0                Counter_Start
 .text.Counter_Interrupt_Interrupt
                0x000010cc        0x4 .\CortexM3\ARM_GCC_541\Debug\nav_control.a(Counter_Interrupt.o)
                0x000010cc                Counter_Interrupt_Interrupt
 .text.Counter_Interrupt_SetVector
                0x000010d0        0xc .\CortexM3\ARM_GCC_541\Debug\nav_control.a(Counter_Interrupt.o)
                0x000010d0                Counter_Interrupt_SetVector
 .text.Counter_Interrupt_SetPriority
                0x000010dc       0x10 .\CortexM3\ARM_GCC_541\Debug\nav_control.a(Counter_Interrupt.o)
                0x000010dc                Counter_Interrupt_SetPriority
 .text.Counter_Interrupt_Enable
                0x000010ec        0xc .\CortexM3\ARM_GCC_541\Debug\nav_control.a(Counter_Interrupt.o)
                0x000010ec                Counter_Interrupt_Enable
 .text.Counter_Interrupt_Disable
                0x000010f8        0xc .\CortexM3\ARM_GCC_541\Debug\nav_control.a(Counter_Interrupt.o)
                0x000010f8                Counter_Interrupt_Disable
 .text.Counter_Interrupt_Start
                0x00001104       0x1c .\CortexM3\ARM_GCC_541\Debug\nav_control.a(Counter_Interrupt.o)
                0x00001104                Counter_Interrupt_Start
 .text.Counter_Reset_Write
                0x00001120        0xc .\CortexM3\ARM_GCC_541\Debug\nav_control.a(Counter_Reset.o)
                0x00001120                Counter_Reset_Write
 .text.PWM_Motor_Enable
                0x0000112c       0x10 .\CortexM3\ARM_GCC_541\Debug\nav_control.a(PWM_Motor.o)
                0x0000112c                PWM_Motor_Enable
 .text.PWM_Motor_WriteCounter
                0x0000113c        0xc .\CortexM3\ARM_GCC_541\Debug\nav_control.a(PWM_Motor.o)
                0x0000113c                PWM_Motor_WriteCounter
 .text.PWM_Motor_WritePeriod
                0x00001148        0xc .\CortexM3\ARM_GCC_541\Debug\nav_control.a(PWM_Motor.o)
                0x00001148                PWM_Motor_WritePeriod
 .text.PWM_Motor_WriteCompare
                0x00001154        0xc .\CortexM3\ARM_GCC_541\Debug\nav_control.a(PWM_Motor.o)
                0x00001154                PWM_Motor_WriteCompare
 .text.PWM_Motor_SetInterruptMode
                0x00001160        0xc .\CortexM3\ARM_GCC_541\Debug\nav_control.a(PWM_Motor.o)
                0x00001160                PWM_Motor_SetInterruptMode
 .text.PWM_Motor_ReadStatusRegister
                0x0000116c        0xc .\CortexM3\ARM_GCC_541\Debug\nav_control.a(PWM_Motor.o)
                0x0000116c                PWM_Motor_ReadStatusRegister
 .text.PWM_Motor_ReadCapture
                0x00001178        0xc .\CortexM3\ARM_GCC_541\Debug\nav_control.a(PWM_Motor.o)
                0x00001178                PWM_Motor_ReadCapture
 .text.PWM_Motor_ClearFIFO
                0x00001184       0x14 .\CortexM3\ARM_GCC_541\Debug\nav_control.a(PWM_Motor.o)
                0x00001184                PWM_Motor_ClearFIFO
 .text.PWM_Motor_Init
                0x00001198       0x50 .\CortexM3\ARM_GCC_541\Debug\nav_control.a(PWM_Motor.o)
                0x00001198                PWM_Motor_Init
 .text.PWM_Motor_Start
                0x000011e8       0x1c .\CortexM3\ARM_GCC_541\Debug\nav_control.a(PWM_Motor.o)
                0x000011e8                PWM_Motor_Start
 .text.XBEE_IntClock_Start
                0x00001204       0x1c .\CortexM3\ARM_GCC_541\Debug\nav_control.a(XBEE_IntClock.o)
                0x00001204                XBEE_IntClock_Start
 .text.CyDelay  0x00001220       0x2c .\CortexM3\ARM_GCC_541\Debug\nav_control.a(CyLib.o)
                0x00001220                CyDelay
 .text.CyDelayUs
                0x0000124c       0x14 .\CortexM3\ARM_GCC_541\Debug\nav_control.a(CyLib.o)
                0x0000124c                CyDelayUs
 .text.Servo_PWM_Enable
                0x00001260       0x10 .\CortexM3\ARM_GCC_541\Debug\nav_control.a(Servo_PWM.o)
                0x00001260                Servo_PWM_Enable
 .text.Servo_PWM_WriteCounter
                0x00001270        0xc .\CortexM3\ARM_GCC_541\Debug\nav_control.a(Servo_PWM.o)
                0x00001270                Servo_PWM_WriteCounter
 .text.Servo_PWM_WritePeriod
                0x0000127c        0xc .\CortexM3\ARM_GCC_541\Debug\nav_control.a(Servo_PWM.o)
                0x0000127c                Servo_PWM_WritePeriod
 .text.Servo_PWM_WriteCompare
                0x00001288        0xc .\CortexM3\ARM_GCC_541\Debug\nav_control.a(Servo_PWM.o)
                0x00001288                Servo_PWM_WriteCompare
 .text.Servo_PWM_SetInterruptMode
                0x00001294        0xc .\CortexM3\ARM_GCC_541\Debug\nav_control.a(Servo_PWM.o)
                0x00001294                Servo_PWM_SetInterruptMode
 .text.Servo_PWM_ReadStatusRegister
                0x000012a0        0xc .\CortexM3\ARM_GCC_541\Debug\nav_control.a(Servo_PWM.o)
                0x000012a0                Servo_PWM_ReadStatusRegister
 .text.Servo_PWM_ReadCapture
                0x000012ac        0xc .\CortexM3\ARM_GCC_541\Debug\nav_control.a(Servo_PWM.o)
                0x000012ac                Servo_PWM_ReadCapture
 .text.Servo_PWM_ClearFIFO
                0x000012b8       0x14 .\CortexM3\ARM_GCC_541\Debug\nav_control.a(Servo_PWM.o)
                0x000012b8                Servo_PWM_ClearFIFO
 .text.Servo_PWM_Init
                0x000012cc       0x60 .\CortexM3\ARM_GCC_541\Debug\nav_control.a(Servo_PWM.o)
                0x000012cc                Servo_PWM_Init
 .text.Servo_PWM_Start
                0x0000132c       0x1c .\CortexM3\ARM_GCC_541\Debug\nav_control.a(Servo_PWM.o)
                0x0000132c                Servo_PWM_Start
 .text.H_Sync_Int_Interrupt
                0x00001348        0x4 .\CortexM3\ARM_GCC_541\Debug\nav_control.a(H_Sync_Int.o)
                0x00001348                H_Sync_Int_Interrupt
 .text.H_Sync_Int_SetVector
                0x0000134c        0xc .\CortexM3\ARM_GCC_541\Debug\nav_control.a(H_Sync_Int.o)
                0x0000134c                H_Sync_Int_SetVector
 .text.H_Sync_Int_SetPriority
                0x00001358       0x10 .\CortexM3\ARM_GCC_541\Debug\nav_control.a(H_Sync_Int.o)
                0x00001358                H_Sync_Int_SetPriority
 .text.H_Sync_Int_Enable
                0x00001368        0xc .\CortexM3\ARM_GCC_541\Debug\nav_control.a(H_Sync_Int.o)
                0x00001368                H_Sync_Int_Enable
 .text.H_Sync_Int_Disable
                0x00001374        0xc .\CortexM3\ARM_GCC_541\Debug\nav_control.a(H_Sync_Int.o)
                0x00001374                H_Sync_Int_Disable
 .text.H_Sync_Int_Start
                0x00001380       0x1c .\CortexM3\ARM_GCC_541\Debug\nav_control.a(H_Sync_Int.o)
                0x00001380                H_Sync_Int_Start
 .text.V_Sync_Int_Interrupt
                0x0000139c        0x4 .\CortexM3\ARM_GCC_541\Debug\nav_control.a(V_Sync_Int.o)
                0x0000139c                V_Sync_Int_Interrupt
 .text.V_Sync_Int_SetVector
                0x000013a0        0xc .\CortexM3\ARM_GCC_541\Debug\nav_control.a(V_Sync_Int.o)
                0x000013a0                V_Sync_Int_SetVector
 .text.V_Sync_Int_SetPriority
                0x000013ac       0x10 .\CortexM3\ARM_GCC_541\Debug\nav_control.a(V_Sync_Int.o)
                0x000013ac                V_Sync_Int_SetPriority
 .text.V_Sync_Int_Enable
                0x000013bc        0xc .\CortexM3\ARM_GCC_541\Debug\nav_control.a(V_Sync_Int.o)
                0x000013bc                V_Sync_Int_Enable
 .text.V_Sync_Int_Disable
                0x000013c8        0xc .\CortexM3\ARM_GCC_541\Debug\nav_control.a(V_Sync_Int.o)
                0x000013c8                V_Sync_Int_Disable
 .text.V_Sync_Int_Start
                0x000013d4       0x1c .\CortexM3\ARM_GCC_541\Debug\nav_control.a(V_Sync_Int.o)
                0x000013d4                V_Sync_Int_Start
 .text.Threshold_Comparator_Enable
                0x000013f0       0x1c .\CortexM3\ARM_GCC_541\Debug\nav_control.a(Threshold_Comparator.o)
                0x000013f0                Threshold_Comparator_Enable
 .text.Threshold_Comparator_SetSpeed
                0x0000140c       0x58 .\CortexM3\ARM_GCC_541\Debug\nav_control.a(Threshold_Comparator.o)
                0x0000140c                Threshold_Comparator_SetSpeed
 .text.Threshold_Comparator_Init
                0x00001464       0x3c .\CortexM3\ARM_GCC_541\Debug\nav_control.a(Threshold_Comparator.o)
                0x00001464                Threshold_Comparator_Init
 .text.Threshold_Comparator_Start
                0x000014a0       0x1c .\CortexM3\ARM_GCC_541\Debug\nav_control.a(Threshold_Comparator.o)
                0x000014a0                Threshold_Comparator_Start
 .text.Line_Timer_Enable
                0x000014bc       0x28 .\CortexM3\ARM_GCC_541\Debug\nav_control.a(Line_Timer.o)
                0x000014bc                Line_Timer_Enable
 .text.Line_Timer_SetInterruptMode
                0x000014e4        0xc .\CortexM3\ARM_GCC_541\Debug\nav_control.a(Line_Timer.o)
                0x000014e4                Line_Timer_SetInterruptMode
 .text.Line_Timer_WritePeriod
                0x000014f0        0xc .\CortexM3\ARM_GCC_541\Debug\nav_control.a(Line_Timer.o)
                0x000014f0                Line_Timer_WritePeriod
 .text.Line_Timer_ReadCapture
                0x000014fc        0xc .\CortexM3\ARM_GCC_541\Debug\nav_control.a(Line_Timer.o)
                0x000014fc                Line_Timer_ReadCapture
 .text.Line_Timer_WriteCounter
                0x00001508        0xc .\CortexM3\ARM_GCC_541\Debug\nav_control.a(Line_Timer.o)
                0x00001508                Line_Timer_WriteCounter
 .text.Line_Timer_Init
                0x00001514       0x68 .\CortexM3\ARM_GCC_541\Debug\nav_control.a(Line_Timer.o)
                0x00001514                Line_Timer_Init
 .text.Line_Timer_Start
                0x0000157c       0x1c .\CortexM3\ARM_GCC_541\Debug\nav_control.a(Line_Timer.o)
                0x0000157c                Line_Timer_Start
 .text.Line_Time_Reset_Write
                0x00001598        0xc .\CortexM3\ARM_GCC_541\Debug\nav_control.a(Line_Time_Reset.o)
                0x00001598                Line_Time_Reset_Write
 .text.Line_Int_Interrupt
                0x000015a4        0x4 .\CortexM3\ARM_GCC_541\Debug\nav_control.a(Line_Int.o)
                0x000015a4                Line_Int_Interrupt
 .text.Line_Int_SetVector
                0x000015a8        0xc .\CortexM3\ARM_GCC_541\Debug\nav_control.a(Line_Int.o)
                0x000015a8                Line_Int_SetVector
 .text.Line_Int_SetPriority
                0x000015b4       0x10 .\CortexM3\ARM_GCC_541\Debug\nav_control.a(Line_Int.o)
                0x000015b4                Line_Int_SetPriority
 .text.Line_Int_Enable
                0x000015c4        0xc .\CortexM3\ARM_GCC_541\Debug\nav_control.a(Line_Int.o)
                0x000015c4                Line_Int_Enable
 .text.Line_Int_Disable
                0x000015d0        0xc .\CortexM3\ARM_GCC_541\Debug\nav_control.a(Line_Int.o)
                0x000015d0                Line_Int_Disable
 .text.Line_Int_Start
                0x000015dc       0x1c .\CortexM3\ARM_GCC_541\Debug\nav_control.a(Line_Int.o)
                0x000015dc                Line_Int_Start
 .text.Porch_Int_Interrupt
                0x000015f8        0x4 .\CortexM3\ARM_GCC_541\Debug\nav_control.a(Porch_Int.o)
                0x000015f8                Porch_Int_Interrupt
 .text.Porch_Int_SetVector
                0x000015fc        0xc .\CortexM3\ARM_GCC_541\Debug\nav_control.a(Porch_Int.o)
                0x000015fc                Porch_Int_SetVector
 .text.Porch_Int_SetPriority
                0x00001608       0x10 .\CortexM3\ARM_GCC_541\Debug\nav_control.a(Porch_Int.o)
                0x00001608                Porch_Int_SetPriority
 .text.Porch_Int_Enable
                0x00001618        0xc .\CortexM3\ARM_GCC_541\Debug\nav_control.a(Porch_Int.o)
                0x00001618                Porch_Int_Enable
 .text.Porch_Int_Disable
                0x00001624        0xc .\CortexM3\ARM_GCC_541\Debug\nav_control.a(Porch_Int.o)
                0x00001624                Porch_Int_Disable
 .text.Porch_Int_Start
                0x00001630       0x1c .\CortexM3\ARM_GCC_541\Debug\nav_control.a(Porch_Int.o)
                0x00001630                Porch_Int_Start
 .text.Go_Again_Int_Interrupt
                0x0000164c        0x4 .\CortexM3\ARM_GCC_541\Debug\nav_control.a(Go_Again_Int.o)
                0x0000164c                Go_Again_Int_Interrupt
 .text.Go_Again_Int_SetVector
                0x00001650        0xc .\CortexM3\ARM_GCC_541\Debug\nav_control.a(Go_Again_Int.o)
                0x00001650                Go_Again_Int_SetVector
 .text.Go_Again_Int_SetPriority
                0x0000165c       0x10 .\CortexM3\ARM_GCC_541\Debug\nav_control.a(Go_Again_Int.o)
                0x0000165c                Go_Again_Int_SetPriority
 .text.Go_Again_Int_Enable
                0x0000166c        0xc .\CortexM3\ARM_GCC_541\Debug\nav_control.a(Go_Again_Int.o)
                0x0000166c                Go_Again_Int_Enable
 .text.Go_Again_Int_Disable
                0x00001678        0xc .\CortexM3\ARM_GCC_541\Debug\nav_control.a(Go_Again_Int.o)
                0x00001678                Go_Again_Int_Disable
 .text.Go_Again_Int_Start
                0x00001684       0x1c .\CortexM3\ARM_GCC_541\Debug\nav_control.a(Go_Again_Int.o)
                0x00001684                Go_Again_Int_Start
 .text.To_Pi_Write
                0x000016a0       0x18 .\CortexM3\ARM_GCC_541\Debug\nav_control.a(To_Pi.o)
                0x000016a0                To_Pi_Write
 .text.From_Pi_Read
                0x000016b8       0x10 .\CortexM3\ARM_GCC_541\Debug\nav_control.a(From_Pi.o)
                0x000016b8                From_Pi_Read
 .text          0x000016c8       0x20 .\CortexM3\ARM_GCC_541\Debug\nav_control.a(CyBootAsmGnu.o)
                0x000016c8                CyDelayCycles
                0x000016d8                CyEnterCriticalSection
                0x000016e0                CyExitCriticalSection
 .text          0x000016e8       0xa0 c:/program files (x86)/cypress/psoc creator/4.2/psoc creator/import/gnu/arm/5.4.1/bin/../lib/gcc/arm-none-eabi/5.4.1/armv7-m\libgcc.a(_arm_truncdfsf2.o)
                0x000016e8                __truncdfsf2
                0x000016e8                __aeabi_d2f
 .text          0x00001788      0x21c c:/program files (x86)/cypress/psoc creator/4.2/psoc creator/import/gnu/arm/5.4.1/bin/../lib/gcc/arm-none-eabi/5.4.1/armv7-m\libgcc.a(_arm_addsubsf3.o)
                0x00001788                __aeabi_frsub
                0x00001790                __subsf3
                0x00001790                __aeabi_fsub
                0x00001794                __aeabi_fadd
                0x00001794                __addsf3
                0x000018f4                __aeabi_ui2f
                0x000018f4                __floatunsisf
                0x000018fc                __aeabi_i2f
                0x000018fc                __floatsisf
                0x00001918                __aeabi_ul2f
                0x00001918                __floatundisf
                0x00001928                __aeabi_l2f
                0x00001928                __floatdisf
 .text          0x000019a4      0x2a0 c:/program files (x86)/cypress/psoc creator/4.2/psoc creator/import/gnu/arm/5.4.1/bin/../lib/gcc/arm-none-eabi/5.4.1/armv7-m\libgcc.a(_arm_muldivsf3.o)
                0x000019a4                __mulsf3
                0x000019a4                __aeabi_fmul
                0x00001b0c                __aeabi_fdiv
                0x00001b0c                __divsf3
 .text          0x00001c44       0xec c:/program files (x86)/cypress/psoc creator/4.2/psoc creator/import/gnu/arm/5.4.1/bin/../lib/gcc/arm-none-eabi/5.4.1/armv7-m\libgcc.a(_arm_cmpsf2.o)
                0x00001c44                __gesf2
                0x00001c44                __gtsf2
                0x00001c4c                __lesf2
                0x00001c4c                __ltsf2
                0x00001c54                __nesf2
                0x00001c54                __eqsf2
                0x00001c54                __cmpsf2
                0x00001cb4                __aeabi_cfrcmple
                0x00001cbc                __aeabi_cfcmpeq
                0x00001cbc                __aeabi_cfcmple
                0x00001ccc                __aeabi_fcmpeq
                0x00001ce0                __aeabi_fcmplt
                0x00001cf4                __aeabi_fcmple
                0x00001d08                __aeabi_fcmpge
                0x00001d1c                __aeabi_fcmpgt
 .text          0x00001d30       0x4c c:/program files (x86)/cypress/psoc creator/4.2/psoc creator/import/gnu/arm/5.4.1/bin/../lib/gcc/arm-none-eabi/5.4.1/armv7-m\libgcc.a(_arm_fixsfsi.o)
                0x00001d30                __aeabi_f2iz
                0x00001d30                __fixsfsi
 .text          0x00001d7c       0x40 c:/program files (x86)/cypress/psoc creator/4.2/psoc creator/import/gnu/arm/5.4.1/bin/../lib/gcc/arm-none-eabi/5.4.1/armv7-m\libgcc.a(_arm_fixunssfsi.o)
                0x00001d7c                __fixunssfsi
                0x00001d7c                __aeabi_f2uiz
 .text.atof     0x00001dbc        0x6 c:/program files (x86)/cypress/psoc creator/4.2/psoc creator/import/gnu/arm/5.4.1/bin/../lib/gcc/arm-none-eabi/5.4.1/../../../../arm-none-eabi/lib/armv7-m\libg_nano.a(lib_a-atof.o)
                0x00001dbc                atof
 *fill*         0x00001dc2        0x2 
 .text.__errno  0x00001dc4        0xc c:/program files (x86)/cypress/psoc creator/4.2/psoc creator/import/gnu/arm/5.4.1/bin/../lib/gcc/arm-none-eabi/5.4.1/../../../../arm-none-eabi/lib/armv7-m\libg_nano.a(lib_a-errno.o)
                0x00001dc4                __errno
 .text.__libc_init_array
                0x00001dd0       0x4c c:/program files (x86)/cypress/psoc creator/4.2/psoc creator/import/gnu/arm/5.4.1/bin/../lib/gcc/arm-none-eabi/5.4.1/../../../../arm-none-eabi/lib/armv7-m\libg_nano.a(lib_a-init.o)
                0x00001dd0                __libc_init_array
 .text.memcpy   0x00001e1c       0x16 c:/program files (x86)/cypress/psoc creator/4.2/psoc creator/import/gnu/arm/5.4.1/bin/../lib/gcc/arm-none-eabi/5.4.1/../../../../arm-none-eabi/lib/armv7-m\libg_nano.a(lib_a-memcpy-stub.o)
                0x00001e1c                memcpy
 .text.memset   0x00001e32       0x10 c:/program files (x86)/cypress/psoc creator/4.2/psoc creator/import/gnu/arm/5.4.1/bin/../lib/gcc/arm-none-eabi/5.4.1/../../../../arm-none-eabi/lib/armv7-m\libg_nano.a(lib_a-memset.o)
                0x00001e32                memset
 *fill*         0x00001e42        0x2 
 .text.sprintf  0x00001e44       0x48 c:/program files (x86)/cypress/psoc creator/4.2/psoc creator/import/gnu/arm/5.4.1/bin/../lib/gcc/arm-none-eabi/5.4.1/../../../../arm-none-eabi/lib/armv7-m\libg_nano.a(lib_a-sprintf.o)
                0x00001e44                siprintf
                0x00001e44                sprintf
 .text.sulp     0x00001e8c       0x42 c:/program files (x86)/cypress/psoc creator/4.2/psoc creator/import/gnu/arm/5.4.1/bin/../lib/gcc/arm-none-eabi/5.4.1/../../../../arm-none-eabi/lib/armv7-m\libg_nano.a(lib_a-strtod.o)
 *fill*         0x00001ece        0x2 
 .text._strtod_r
                0x00001ed0      0xc00 c:/program files (x86)/cypress/psoc creator/4.2/psoc creator/import/gnu/arm/5.4.1/bin/../lib/gcc/arm-none-eabi/5.4.1/../../../../arm-none-eabi/lib/armv7-m\libg_nano.a(lib_a-strtod.o)
                0x00001ed0                _strtod_r
 .text.strtod   0x00002ad0       0x10 c:/program files (x86)/cypress/psoc creator/4.2/psoc creator/import/gnu/arm/5.4.1/bin/../lib/gcc/arm-none-eabi/5.4.1/../../../../arm-none-eabi/lib/armv7-m\libg_nano.a(lib_a-strtod.o)
                0x00002ad0                strtod
 .text.rshift   0x00002ae0       0x6c c:/program files (x86)/cypress/psoc creator/4.2/psoc creator/import/gnu/arm/5.4.1/bin/../lib/gcc/arm-none-eabi/5.4.1/../../../../arm-none-eabi/lib/armv7-m\libg_nano.a(lib_a-gdtoa-gethex.o)
 .text.__hexdig_fun
                0x00002b4c       0x2a c:/program files (x86)/cypress/psoc creator/4.2/psoc creator/import/gnu/arm/5.4.1/bin/../lib/gcc/arm-none-eabi/5.4.1/../../../../arm-none-eabi/lib/armv7-m\libg_nano.a(lib_a-gdtoa-gethex.o)
                0x00002b4c                __hexdig_fun
 .text.__gethex
                0x00002b76      0x43e c:/program files (x86)/cypress/psoc creator/4.2/psoc creator/import/gnu/arm/5.4.1/bin/../lib/gcc/arm-none-eabi/5.4.1/../../../../arm-none-eabi/lib/armv7-m\libg_nano.a(lib_a-gdtoa-gethex.o)
                0x00002b76                __gethex
 .text.L_shift  0x00002fb4       0x24 c:/program files (x86)/cypress/psoc creator/4.2/psoc creator/import/gnu/arm/5.4.1/bin/../lib/gcc/arm-none-eabi/5.4.1/../../../../arm-none-eabi/lib/armv7-m\libg_nano.a(lib_a-gdtoa-hexnan.o)
 .text.__match  0x00002fd8       0x26 c:/program files (x86)/cypress/psoc creator/4.2/psoc creator/import/gnu/arm/5.4.1/bin/../lib/gcc/arm-none-eabi/5.4.1/../../../../arm-none-eabi/lib/armv7-m\libg_nano.a(lib_a-gdtoa-hexnan.o)
                0x00002fd8                __match
 .text.__hexnan
                0x00002ffe      0x11c c:/program files (x86)/cypress/psoc creator/4.2/psoc creator/import/gnu/arm/5.4.1/bin/../lib/gcc/arm-none-eabi/5.4.1/../../../../arm-none-eabi/lib/armv7-m\libg_nano.a(lib_a-gdtoa-hexnan.o)
                0x00002ffe                __hexnan
 *fill*         0x0000311a        0x2 
 .text._localeconv_r
                0x0000311c        0x8 c:/program files (x86)/cypress/psoc creator/4.2/psoc creator/import/gnu/arm/5.4.1/bin/../lib/gcc/arm-none-eabi/5.4.1/../../../../arm-none-eabi/lib/armv7-m\libg_nano.a(lib_a-locale.o)
                0x0000311c                _localeconv_r
 .text._Balloc  0x00003124       0x6a c:/program files (x86)/cypress/psoc creator/4.2/psoc creator/import/gnu/arm/5.4.1/bin/../lib/gcc/arm-none-eabi/5.4.1/../../../../arm-none-eabi/lib/armv7-m\libg_nano.a(lib_a-mprec.o)
                0x00003124                _Balloc
 .text._Bfree   0x0000318e       0x2e c:/program files (x86)/cypress/psoc creator/4.2/psoc creator/import/gnu/arm/5.4.1/bin/../lib/gcc/arm-none-eabi/5.4.1/../../../../arm-none-eabi/lib/armv7-m\libg_nano.a(lib_a-mprec.o)
                0x0000318e                _Bfree
 .text.__multadd
                0x000031bc       0x76 c:/program files (x86)/cypress/psoc creator/4.2/psoc creator/import/gnu/arm/5.4.1/bin/../lib/gcc/arm-none-eabi/5.4.1/../../../../arm-none-eabi/lib/armv7-m\libg_nano.a(lib_a-mprec.o)
                0x000031bc                __multadd
 .text.__s2b    0x00003232       0x7c c:/program files (x86)/cypress/psoc creator/4.2/psoc creator/import/gnu/arm/5.4.1/bin/../lib/gcc/arm-none-eabi/5.4.1/../../../../arm-none-eabi/lib/armv7-m\libg_nano.a(lib_a-mprec.o)
                0x00003232                __s2b
 .text.__hi0bits
                0x000032ae       0x40 c:/program files (x86)/cypress/psoc creator/4.2/psoc creator/import/gnu/arm/5.4.1/bin/../lib/gcc/arm-none-eabi/5.4.1/../../../../arm-none-eabi/lib/armv7-m\libg_nano.a(lib_a-mprec.o)
                0x000032ae                __hi0bits
 .text.__lo0bits
                0x000032ee       0x5a c:/program files (x86)/cypress/psoc creator/4.2/psoc creator/import/gnu/arm/5.4.1/bin/../lib/gcc/arm-none-eabi/5.4.1/../../../../arm-none-eabi/lib/armv7-m\libg_nano.a(lib_a-mprec.o)
                0x000032ee                __lo0bits
 .text.__i2b    0x00003348       0x12 c:/program files (x86)/cypress/psoc creator/4.2/psoc creator/import/gnu/arm/5.4.1/bin/../lib/gcc/arm-none-eabi/5.4.1/../../../../arm-none-eabi/lib/armv7-m\libg_nano.a(lib_a-mprec.o)
                0x00003348                __i2b
 .text.__multiply
                0x0000335a      0x120 c:/program files (x86)/cypress/psoc creator/4.2/psoc creator/import/gnu/arm/5.4.1/bin/../lib/gcc/arm-none-eabi/5.4.1/../../../../arm-none-eabi/lib/armv7-m\libg_nano.a(lib_a-mprec.o)
                0x0000335a                __multiply
 *fill*         0x0000347a        0x2 
 .text.__pow5mult
                0x0000347c       0x9c c:/program files (x86)/cypress/psoc creator/4.2/psoc creator/import/gnu/arm/5.4.1/bin/../lib/gcc/arm-none-eabi/5.4.1/../../../../arm-none-eabi/lib/armv7-m\libg_nano.a(lib_a-mprec.o)
                0x0000347c                __pow5mult
 .text.__lshift
                0x00003518       0xa2 c:/program files (x86)/cypress/psoc creator/4.2/psoc creator/import/gnu/arm/5.4.1/bin/../lib/gcc/arm-none-eabi/5.4.1/../../../../arm-none-eabi/lib/armv7-m\libg_nano.a(lib_a-mprec.o)
                0x00003518                __lshift
 .text.__mcmp   0x000035ba       0x38 c:/program files (x86)/cypress/psoc creator/4.2/psoc creator/import/gnu/arm/5.4.1/bin/../lib/gcc/arm-none-eabi/5.4.1/../../../../arm-none-eabi/lib/armv7-m\libg_nano.a(lib_a-mprec.o)
                0x000035ba                __mcmp
 .text.__mdiff  0x000035f2       0xbe c:/program files (x86)/cypress/psoc creator/4.2/psoc creator/import/gnu/arm/5.4.1/bin/../lib/gcc/arm-none-eabi/5.4.1/../../../../arm-none-eabi/lib/armv7-m\libg_nano.a(lib_a-mprec.o)
                0x000035f2                __mdiff
 .text.__ulp    0x000036b0       0x48 c:/program files (x86)/cypress/psoc creator/4.2/psoc creator/import/gnu/arm/5.4.1/bin/../lib/gcc/arm-none-eabi/5.4.1/../../../../arm-none-eabi/lib/armv7-m\libg_nano.a(lib_a-mprec.o)
                0x000036b0                __ulp
 .text.__b2d    0x000036f8       0x9a c:/program files (x86)/cypress/psoc creator/4.2/psoc creator/import/gnu/arm/5.4.1/bin/../lib/gcc/arm-none-eabi/5.4.1/../../../../arm-none-eabi/lib/armv7-m\libg_nano.a(lib_a-mprec.o)
                0x000036f8                __b2d
 .text.__d2b    0x00003792       0x9c c:/program files (x86)/cypress/psoc creator/4.2/psoc creator/import/gnu/arm/5.4.1/bin/../lib/gcc/arm-none-eabi/5.4.1/../../../../arm-none-eabi/lib/armv7-m\libg_nano.a(lib_a-mprec.o)
                0x00003792                __d2b
 .text.__ratio  0x0000382e       0x50 c:/program files (x86)/cypress/psoc creator/4.2/psoc creator/import/gnu/arm/5.4.1/bin/../lib/gcc/arm-none-eabi/5.4.1/../../../../arm-none-eabi/lib/armv7-m\libg_nano.a(lib_a-mprec.o)
                0x0000382e                __ratio
 .text.__copybits
                0x0000387e       0x34 c:/program files (x86)/cypress/psoc creator/4.2/psoc creator/import/gnu/arm/5.4.1/bin/../lib/gcc/arm-none-eabi/5.4.1/../../../../arm-none-eabi/lib/armv7-m\libg_nano.a(lib_a-mprec.o)
                0x0000387e                __copybits
 .text.__any_on
                0x000038b2       0x44 c:/program files (x86)/cypress/psoc creator/4.2/psoc creator/import/gnu/arm/5.4.1/bin/../lib/gcc/arm-none-eabi/5.4.1/../../../../arm-none-eabi/lib/armv7-m\libg_nano.a(lib_a-mprec.o)
                0x000038b2                __any_on
 .text._calloc_r
                0x000038f6       0x1c c:/program files (x86)/cypress/psoc creator/4.2/psoc creator/import/gnu/arm/5.4.1/bin/../lib/gcc/arm-none-eabi/5.4.1/../../../../arm-none-eabi/lib/armv7-m\libg_nano.a(lib_a-nano-callocr.o)
                0x000038f6                _calloc_r
 *fill*         0x00003912        0x2 
 .text._malloc_r
                0x00003914       0xbc c:/program files (x86)/cypress/psoc creator/4.2/psoc creator/import/gnu/arm/5.4.1/bin/../lib/gcc/arm-none-eabi/5.4.1/../../../../arm-none-eabi/lib/armv7-m\libg_nano.a(lib_a-nano-mallocr.o)
                0x00003914                _malloc_r
 .text.__ssputs_r
                0x000039d0       0xb2 c:/program files (x86)/cypress/psoc creator/4.2/psoc creator/import/gnu/arm/5.4.1/bin/../lib/gcc/arm-none-eabi/5.4.1/../../../../arm-none-eabi/lib/armv7-m\libg_nano.a(lib_a-nano-svfprintf.o)
                0x000039d0                __ssputs_r
 *fill*         0x00003a82        0x2 
 .text._svfprintf_r
                0x00003a84      0x1e8 c:/program files (x86)/cypress/psoc creator/4.2/psoc creator/import/gnu/arm/5.4.1/bin/../lib/gcc/arm-none-eabi/5.4.1/../../../../arm-none-eabi/lib/armv7-m\libg_nano.a(lib_a-nano-svfprintf.o)
                0x00003a84                _svfiprintf_r
                0x00003a84                _svfprintf_r
 .text._printf_common
                0x00003c6c       0xec c:/program files (x86)/cypress/psoc creator/4.2/psoc creator/import/gnu/arm/5.4.1/bin/../lib/gcc/arm-none-eabi/5.4.1/../../../../arm-none-eabi/lib/armv7-m\libg_nano.a(lib_a-nano-vfprintf_i.o)
                0x00003c6c                _printf_common
 .text._printf_i
                0x00003d58      0x24c c:/program files (x86)/cypress/psoc creator/4.2/psoc creator/import/gnu/arm/5.4.1/bin/../lib/gcc/arm-none-eabi/5.4.1/../../../../arm-none-eabi/lib/armv7-m\libg_nano.a(lib_a-nano-vfprintf_i.o)
                0x00003d58                _printf_i
 .text._sbrk_r  0x00003fa4       0x20 c:/program files (x86)/cypress/psoc creator/4.2/psoc creator/import/gnu/arm/5.4.1/bin/../lib/gcc/arm-none-eabi/5.4.1/../../../../arm-none-eabi/lib/armv7-m\libg_nano.a(lib_a-sbrkr.o)
                0x00003fa4                _sbrk_r
 .text          0x00003fc4       0x10 c:/program files (x86)/cypress/psoc creator/4.2/psoc creator/import/gnu/arm/5.4.1/bin/../lib/gcc/arm-none-eabi/5.4.1/../../../../arm-none-eabi/lib/armv7-m\libg_nano.a(lib_a-strlen.o)
                0x00003fc4                strlen
 .text.strncmp  0x00003fd4       0x2a c:/program files (x86)/cypress/psoc creator/4.2/psoc creator/import/gnu/arm/5.4.1/bin/../lib/gcc/arm-none-eabi/5.4.1/../../../../arm-none-eabi/lib/armv7-m\libg_nano.a(lib_a-strncmp.o)
                0x00003fd4                strncmp
 *fill*         0x00003ffe        0x2 
 .text.malloc   0x00004000       0x10 c:/program files (x86)/cypress/psoc creator/4.2/psoc creator/import/gnu/arm/5.4.1/bin/../lib/gcc/arm-none-eabi/5.4.1/../../../../arm-none-eabi/lib/armv7-m\libg_nano.a(lib_a-malloc.o)
                0x00004000                malloc
 .text.memchr   0x00004010       0x1c c:/program files (x86)/cypress/psoc creator/4.2/psoc creator/import/gnu/arm/5.4.1/bin/../lib/gcc/arm-none-eabi/5.4.1/../../../../arm-none-eabi/lib/armv7-m\libg_nano.a(lib_a-memchr-stub.o)
                0x00004010                memchr
 .text.memmove  0x0000402c       0x36 c:/program files (x86)/cypress/psoc creator/4.2/psoc creator/import/gnu/arm/5.4.1/bin/../lib/gcc/arm-none-eabi/5.4.1/../../../../arm-none-eabi/lib/armv7-m\libg_nano.a(lib_a-memmove.o)
                0x0000402c                memmove
 .text.__malloc_lock
                0x00004062        0x2 c:/program files (x86)/cypress/psoc creator/4.2/psoc creator/import/gnu/arm/5.4.1/bin/../lib/gcc/arm-none-eabi/5.4.1/../../../../arm-none-eabi/lib/armv7-m\libg_nano.a(lib_a-mlock.o)
                0x00004062                __malloc_lock
 .text.__malloc_unlock
                0x00004064        0x2 c:/program files (x86)/cypress/psoc creator/4.2/psoc creator/import/gnu/arm/5.4.1/bin/../lib/gcc/arm-none-eabi/5.4.1/../../../../arm-none-eabi/lib/armv7-m\libg_nano.a(lib_a-mlock.o)
                0x00004064                __malloc_unlock
 *fill*         0x00004066        0x2 
 .text._free_r  0x00004068       0x98 c:/program files (x86)/cypress/psoc creator/4.2/psoc creator/import/gnu/arm/5.4.1/bin/../lib/gcc/arm-none-eabi/5.4.1/../../../../arm-none-eabi/lib/armv7-m\libg_nano.a(lib_a-nano-freer.o)
                0x00004068                _free_r
 .text._realloc_r
                0x00004100       0x4c c:/program files (x86)/cypress/psoc creator/4.2/psoc creator/import/gnu/arm/5.4.1/bin/../lib/gcc/arm-none-eabi/5.4.1/../../../../arm-none-eabi/lib/armv7-m\libg_nano.a(lib_a-nano-reallocr.o)
                0x00004100                _realloc_r
 .text._malloc_usable_size_r
                0x0000414c       0x14 c:/program files (x86)/cypress/psoc creator/4.2/psoc creator/import/gnu/arm/5.4.1/bin/../lib/gcc/arm-none-eabi/5.4.1/../../../../arm-none-eabi/lib/armv7-m\libg_nano.a(lib_a-nano-msizer.o)
                0x0000414c                _malloc_usable_size_r
 .text          0x00004160      0x370 c:/program files (x86)/cypress/psoc creator/4.2/psoc creator/import/gnu/arm/5.4.1/bin/../lib/gcc/arm-none-eabi/5.4.1/armv7-m\libgcc.a(_arm_addsubdf3.o)
                0x00004160                __aeabi_drsub
                0x00004168                __aeabi_dsub
                0x00004168                __subdf3
                0x0000416c                __aeabi_dadd
                0x0000416c                __adddf3
                0x000043e4                __floatunsidf
                0x000043e4                __aeabi_ui2d
                0x00004404                __floatsidf
                0x00004404                __aeabi_i2d
                0x00004428                __aeabi_f2d
                0x00004428                __extendsfdf2
                0x00004464                __floatundidf
                0x00004464                __aeabi_ul2d
                0x00004474                __floatdidf
                0x00004474                __aeabi_l2d
 .text          0x000044d0      0x424 c:/program files (x86)/cypress/psoc creator/4.2/psoc creator/import/gnu/arm/5.4.1/bin/../lib/gcc/arm-none-eabi/5.4.1/armv7-m\libgcc.a(_arm_muldivdf3.o)
                0x000044d0                __aeabi_dmul
                0x000044d0                __muldf3
                0x00004724                __divdf3
                0x00004724                __aeabi_ddiv
 .text          0x000048f4      0x110 c:/program files (x86)/cypress/psoc creator/4.2/psoc creator/import/gnu/arm/5.4.1/bin/../lib/gcc/arm-none-eabi/5.4.1/armv7-m\libgcc.a(_arm_cmpdf2.o)
                0x000048f4                __gtdf2
                0x000048f4                __gedf2
                0x000048fc                __ltdf2
                0x000048fc                __ledf2
                0x00004904                __nedf2
                0x00004904                __eqdf2
                0x00004904                __cmpdf2
                0x00004980                __aeabi_cdrcmple
                0x00004990                __aeabi_cdcmpeq
                0x00004990                __aeabi_cdcmple
                0x000049a0                __aeabi_dcmpeq
                0x000049b4                __aeabi_dcmplt
                0x000049c8                __aeabi_dcmple
                0x000049dc                __aeabi_dcmpge
                0x000049f0                __aeabi_dcmpgt
 .text          0x00004a04       0x50 c:/program files (x86)/cypress/psoc creator/4.2/psoc creator/import/gnu/arm/5.4.1/bin/../lib/gcc/arm-none-eabi/5.4.1/armv7-m\libgcc.a(_arm_fixdfsi.o)
                0x00004a04                __aeabi_d2iz
                0x00004a04                __fixdfsi
 .text          0x00004a54       0x40 c:/program files (x86)/cypress/psoc creator/4.2/psoc creator/import/gnu/arm/5.4.1/bin/../lib/gcc/arm-none-eabi/5.4.1/armv7-m\libgcc.a(_arm_fixunsdfsi.o)
                0x00004a54                __aeabi_d2uiz
                0x00004a54                __fixunsdfsi
 *(.plt)
 *(.gnu.warning)
 *(.glue_7t)
 .glue_7t       0x00004a94        0x0 linker stubs
 *(.glue_7)
 .glue_7        0x00004a94        0x0 linker stubs
 *(.vfp11_veneer)
 .vfp11_veneer  0x00004a94        0x0 linker stubs
 *(.bootloader)
 *(.ARM.extab* .gnu.linkonce.armextab.*)
 *(.gcc_except_table)

.v4_bx          0x00004a94        0x0
 .v4_bx         0x00004a94        0x0 linker stubs

.iplt           0x00004a94        0x0
 .iplt          0x00004a94        0x0 c:/program files (x86)/cypress/psoc creator/4.2/psoc creator/import/gnu/arm/5.4.1/bin/../lib/gcc/arm-none-eabi/5.4.1/armv7-m/crtbegin.o

.eh_frame_hdr
 *(.eh_frame_hdr)

.eh_frame       0x00004a94        0x4
 *(.eh_frame)
 .eh_frame      0x00004a94        0x0 c:/program files (x86)/cypress/psoc creator/4.2/psoc creator/import/gnu/arm/5.4.1/bin/../lib/gcc/arm-none-eabi/5.4.1/armv7-m/crtbegin.o
 .eh_frame      0x00004a94        0x4 c:/program files (x86)/cypress/psoc creator/4.2/psoc creator/import/gnu/arm/5.4.1/bin/../lib/gcc/arm-none-eabi/5.4.1/armv7-m/crtend.o
                [!provide]                PROVIDE (__exidx_start, .)

.ARM.exidx
 *(.ARM.exidx* .gnu.linkonce.armexidx.*)
                0x00004a98                __exidx_end = .

.rodata         0x00004a98      0x3e8
 *(.rodata .rodata.* .gnu.linkonce.r.*)
 .rodata.str1.4
                0x00004a98      0x19e .\CortexM3\ARM_GCC_541\Debug\main.o
 *fill*         0x00004c36        0x2 
 .rodata.str1.4
                0x00004c38       0x2c .\CortexM3\ARM_GCC_541\Debug\nav_control.o
 .rodata        0x00004c64       0x4e .\CortexM3\ARM_GCC_541\Debug\cyfitter_cfg.o
 .rodata.str1.1
                0x00004cb2        0x2 c:/program files (x86)/cypress/psoc creator/4.2/psoc creator/import/gnu/arm/5.4.1/bin/../lib/gcc/arm-none-eabi/5.4.1/../../../../arm-none-eabi/lib/armv7-m\libg_nano.a(lib_a-impure.o)
 .rodata.fpinan.5401
                0x00004cb4       0x14 c:/program files (x86)/cypress/psoc creator/4.2/psoc creator/import/gnu/arm/5.4.1/bin/../lib/gcc/arm-none-eabi/5.4.1/../../../../arm-none-eabi/lib/armv7-m\libg_nano.a(lib_a-strtod.o)
 .rodata.str1.1
                0x00004cc8        0xc c:/program files (x86)/cypress/psoc creator/4.2/psoc creator/import/gnu/arm/5.4.1/bin/../lib/gcc/arm-none-eabi/5.4.1/../../../../arm-none-eabi/lib/armv7-m\libg_nano.a(lib_a-strtod.o)
 .rodata.fpi.5365
                0x00004cd4       0x14 c:/program files (x86)/cypress/psoc creator/4.2/psoc creator/import/gnu/arm/5.4.1/bin/../lib/gcc/arm-none-eabi/5.4.1/../../../../arm-none-eabi/lib/armv7-m\libg_nano.a(lib_a-strtod.o)
 .rodata.tinytens
                0x00004ce8       0x28 c:/program files (x86)/cypress/psoc creator/4.2/psoc creator/import/gnu/arm/5.4.1/bin/../lib/gcc/arm-none-eabi/5.4.1/../../../../arm-none-eabi/lib/armv7-m\libg_nano.a(lib_a-strtod.o)
 .rodata.str1.1
                0x00004d10        0x8 c:/program files (x86)/cypress/psoc creator/4.2/psoc creator/import/gnu/arm/5.4.1/bin/../lib/gcc/arm-none-eabi/5.4.1/../../../../arm-none-eabi/lib/armv7-m\libg_nano.a(lib_a-locale.o)
                                  0xb (size before relaxing)
 .rodata.__mprec_tens
                0x00004d18       0xc8 c:/program files (x86)/cypress/psoc creator/4.2/psoc creator/import/gnu/arm/5.4.1/bin/../lib/gcc/arm-none-eabi/5.4.1/../../../../arm-none-eabi/lib/armv7-m\libg_nano.a(lib_a-mprec.o)
                0x00004d18                __mprec_tens
 .rodata.p05.5408
                0x00004de0        0xc c:/program files (x86)/cypress/psoc creator/4.2/psoc creator/import/gnu/arm/5.4.1/bin/../lib/gcc/arm-none-eabi/5.4.1/../../../../arm-none-eabi/lib/armv7-m\libg_nano.a(lib_a-mprec.o)
 *fill*         0x00004dec        0x4 
 .rodata.__mprec_bigtens
                0x00004df0       0x28 c:/program files (x86)/cypress/psoc creator/4.2/psoc creator/import/gnu/arm/5.4.1/bin/../lib/gcc/arm-none-eabi/5.4.1/../../../../arm-none-eabi/lib/armv7-m\libg_nano.a(lib_a-mprec.o)
                0x00004df0                __mprec_bigtens
 .rodata.str1.1
                0x00004e18       0x11 c:/program files (x86)/cypress/psoc creator/4.2/psoc creator/import/gnu/arm/5.4.1/bin/../lib/gcc/arm-none-eabi/5.4.1/../../../../arm-none-eabi/lib/armv7-m\libg_nano.a(lib_a-nano-svfprintf.o)
 .rodata.str1.1
                0x00004e29       0x22 c:/program files (x86)/cypress/psoc creator/4.2/psoc creator/import/gnu/arm/5.4.1/bin/../lib/gcc/arm-none-eabi/5.4.1/../../../../arm-none-eabi/lib/armv7-m\libg_nano.a(lib_a-nano-vfprintf_i.o)
                0x00004e4c                . = ALIGN (0x4)
 *fill*         0x00004e4b        0x1 
 *(.init)
 .init          0x00004e4c        0x4 c:/program files (x86)/cypress/psoc creator/4.2/psoc creator/import/gnu/arm/5.4.1/bin/../lib/gcc/arm-none-eabi/5.4.1/armv7-m/crti.o
                0x00004e4c                _init
 .init          0x00004e50        0x8 c:/program files (x86)/cypress/psoc creator/4.2/psoc creator/import/gnu/arm/5.4.1/bin/../lib/gcc/arm-none-eabi/5.4.1/armv7-m/crtn.o
                0x00004e58                . = ALIGN (0x4)
                0x00004e58                __preinit_array_start = .
 *(.preinit_array)
                0x00004e58                __preinit_array_end = .
                0x00004e58                . = ALIGN (0x4)
                0x00004e58                __init_array_start = .
 *(SORT(.init_array.*))
 *(.init_array)
 .init_array    0x00004e58        0x4 c:/program files (x86)/cypress/psoc creator/4.2/psoc creator/import/gnu/arm/5.4.1/bin/../lib/gcc/arm-none-eabi/5.4.1/armv7-m/crtbegin.o
 .init_array    0x00004e5c        0x4 .\CortexM3\ARM_GCC_541\Debug\Cm3Start.o
                0x00004e60                __init_array_end = .
                0x00004e60                . = ALIGN (0x4)
 *(.fini)
 .fini          0x00004e60        0x4 c:/program files (x86)/cypress/psoc creator/4.2/psoc creator/import/gnu/arm/5.4.1/bin/../lib/gcc/arm-none-eabi/5.4.1/armv7-m/crti.o
                0x00004e60                _fini
 .fini          0x00004e64        0x8 c:/program files (x86)/cypress/psoc creator/4.2/psoc creator/import/gnu/arm/5.4.1/bin/../lib/gcc/arm-none-eabi/5.4.1/armv7-m/crtn.o
                0x00004e6c                . = ALIGN (0x4)
                0x00004e6c                __fini_array_start = .
 *(.fini_array)
 .fini_array    0x00004e6c        0x4 c:/program files (x86)/cypress/psoc creator/4.2/psoc creator/import/gnu/arm/5.4.1/bin/../lib/gcc/arm-none-eabi/5.4.1/armv7-m/crtbegin.o
 *(SORT(.fini_array.*))
                0x00004e70                __fini_array_end = .
                0x00004e70                . = ALIGN (0x4)
 *crtbegin.o(.ctors)
 *(EXCLUDE_FILE(*crtend.o) .ctors)
 *(SORT(.ctors.*))
 *crtend.o(.ctors)
                0x00004e70                . = ALIGN (0x4)
 *crtbegin.o(.dtors)
 *(EXCLUDE_FILE(*crtend.o) .dtors)
 *(SORT(.dtors.*))
 *crtend.o(.dtors)
                0x00004e70                . = ALIGN (0x4)
                0x00004e70                __cy_regions = .
                0x00004e70        0x4 LONG 0x4e80 __cy_region_init_ram
                0x00004e74        0x4 LONG 0x1fff80c8 __cy_region_start_data
                0x00004e78        0x4 LONG 0xd8 __cy_region_init_size_ram
                0x00004e7c        0x4 LONG 0xeb68 __cy_region_zero_size_ram
                0x00004e80                __cy_regions_end = .
                0x00004e80                . = ALIGN (0x8)
                0x00004e80                _etext = .

.cy_checksum_exclude
                0x00004e80        0x0
 *(.cy_checksum_exclude)

.ramvectors     0x1fff8000       0xc0
                0x1fff8000                __cy_region_start_ram = .
 *(.ramvectors)
 .ramvectors    0x1fff8000       0xc0 .\CortexM3\ARM_GCC_541\Debug\Cm3Start.o
                0x1fff8000                CyRamVectors

.noinit         0x1fff80c0        0x1
 *(.noinit)
 .noinit        0x1fff80c0        0x1 .\CortexM3\ARM_GCC_541\Debug\nav_control.a(CyLib.o)
                0x1fff80c0                CyResetStatus

.data           0x1fff80c8       0xd8 load address 0x00004e80
                0x1fff80c8                __cy_region_start_data = .
 *(.jcr)
 .jcr           0x1fff80c8        0x0 c:/program files (x86)/cypress/psoc creator/4.2/psoc creator/import/gnu/arm/5.4.1/bin/../lib/gcc/arm-none-eabi/5.4.1/armv7-m/crtbegin.o
 .jcr           0x1fff80c8        0x4 c:/program files (x86)/cypress/psoc creator/4.2/psoc creator/import/gnu/arm/5.4.1/bin/../lib/gcc/arm-none-eabi/5.4.1/armv7-m/crtend.o
 *(.got.plt)
 *(.got)
 *(.shdata)
 *(.data .data.* .gnu.linkonce.d.*)
 .data          0x1fff80cc        0xc .\CortexM3\ARM_GCC_541\Debug\main.o
                0x1fff80cc                TARGET_SPEED
                0x1fff80d0                kp
                0x1fff80d4                ki
 .data          0x1fff80d8       0x10 .\CortexM3\ARM_GCC_541\Debug\nav_control.o
                0x1fff80d8                kp_servo
                0x1fff80dc                CENTER_ANGLE
                0x1fff80e0                prev_angle
                0x1fff80e4                FRAME_PARITY
 .data          0x1fff80e8        0x4 .\CortexM3\ARM_GCC_541\Debug\balloon.o
                0x1fff80e8                BALLOON_STATE
 .data          0x1fff80ec        0x4 .\CortexM3\ARM_GCC_541\Debug\Cm3Start.o
 .data          0x1fff80f0       0x10 .\CortexM3\ARM_GCC_541\Debug\nav_control.a(CyLib.o)
                0x1fff80f0                cydelay_32k_ms
                0x1fff80f4                cydelay_freq_khz
                0x1fff80f8                cydelay_freq_mhz
                0x1fff80fc                cydelay_freq_hz
 .data.impure_data
                0x1fff8100       0x60 c:/program files (x86)/cypress/psoc creator/4.2/psoc creator/import/gnu/arm/5.4.1/bin/../lib/gcc/arm-none-eabi/5.4.1/../../../../arm-none-eabi/lib/armv7-m\libg_nano.a(lib_a-impure.o)
 .data._impure_ptr
                0x1fff8160        0x4 c:/program files (x86)/cypress/psoc creator/4.2/psoc creator/import/gnu/arm/5.4.1/bin/../lib/gcc/arm-none-eabi/5.4.1/../../../../arm-none-eabi/lib/armv7-m\libg_nano.a(lib_a-impure.o)
                0x1fff8160                _impure_ptr
 .data.lconv    0x1fff8164       0x38 c:/program files (x86)/cypress/psoc creator/4.2/psoc creator/import/gnu/arm/5.4.1/bin/../lib/gcc/arm-none-eabi/5.4.1/../../../../arm-none-eabi/lib/armv7-m\libg_nano.a(lib_a-locale.o)
                0x1fff81a0                . = ALIGN (0x8)
 *fill*         0x1fff819c        0x4 
 *(.ram)
                0x1fff81a0                _edata = .

.igot.plt       0x1fff81a0        0x0 load address 0x00004f58
 .igot.plt      0x1fff81a0        0x0 c:/program files (x86)/cypress/psoc creator/4.2/psoc creator/import/gnu/arm/5.4.1/bin/../lib/gcc/arm-none-eabi/5.4.1/armv7-m/crtbegin.o

.bss            0x1fff81a0     0xeb68 load address 0x00004f58
                0x1fff81a0                PROVIDE (__bss_start__, .)
 *(.shbss)
 *(.bss .bss.* .gnu.linkonce.b.*)
 .bss           0x1fff81a0       0x1c c:/program files (x86)/cypress/psoc creator/4.2/psoc creator/import/gnu/arm/5.4.1/bin/../lib/gcc/arm-none-eabi/5.4.1/armv7-m/crtbegin.o
 .bss           0x1fff81bc       0x18 .\CortexM3\ARM_GCC_541\Debug\main.o
                0x1fff81bc                prev_i_term
                0x1fff81c0                prev_error
                0x1fff81c4                kd
                0x1fff81c8                arduinoRunState
                0x1fff81cc                speed
                0x1fff81d0                prevArduinoRunState
 .bss           0x1fff81d4       0x4c .\CortexM3\ARM_GCC_541\Debug\nav_control.o
                0x1fff81d4                prev_i_term_servo
                0x1fff81d8                ki_servo
                0x1fff81dc                prev_error_servo
                0x1fff81e0                line_count
                0x1fff81e4                RUN_STATE
                0x1fff81e8                STEER_STATE
                0x1fff81ec                LINE_SEEN
                0x1fff81f0                VIDEO_STATE
                0x1fff81f4                num_h_pulse
                0x1fff81f8                NAVIGATION_LINE
                0x1fff81fc                kd_servo
                0x1fff8200                numFrame
                0x1fff8204                frameIndex
                0x1fff8208                num_interupts
                0x1fff820c                oldest_value
                0x1fff8210                right_count
                0x1fff8214                left_count
                0x1fff8218                LINE_STATE
                0x1fff821c                CAPTURE_FRAME
 .bss           0x1fff8220        0x2 .\CortexM3\ARM_GCC_541\Debug\nav_control.a(XBEE.o)
                0x1fff8220                XBEE_initVar
 .bss           0x1fff8222        0x2 .\CortexM3\ARM_GCC_541\Debug\nav_control.a(LCD.o)
                0x1fff8222                LCD_enableState
                0x1fff8223                LCD_initVar
 .bss           0x1fff8224        0x1 .\CortexM3\ARM_GCC_541\Debug\nav_control.a(Counter.o)
                0x1fff8224                Counter_initVar
 .bss           0x1fff8225        0x1 .\CortexM3\ARM_GCC_541\Debug\nav_control.a(PWM_Motor.o)
                0x1fff8225                PWM_Motor_initVar
 .bss           0x1fff8226        0x1 .\CortexM3\ARM_GCC_541\Debug\nav_control.a(Servo_PWM.o)
                0x1fff8226                Servo_PWM_initVar
 .bss           0x1fff8227        0x1 .\CortexM3\ARM_GCC_541\Debug\nav_control.a(Threshold_Comparator.o)
                0x1fff8227                Threshold_Comparator_initVar
 .bss           0x1fff8228        0x1 .\CortexM3\ARM_GCC_541\Debug\nav_control.a(Line_Timer.o)
                0x1fff8228                Line_Timer_initVar
 *fill*         0x1fff8229        0x3 
 .bss.__malloc_sbrk_start
                0x1fff822c        0x4 c:/program files (x86)/cypress/psoc creator/4.2/psoc creator/import/gnu/arm/5.4.1/bin/../lib/gcc/arm-none-eabi/5.4.1/../../../../arm-none-eabi/lib/armv7-m\libg_nano.a(lib_a-nano-mallocr.o)
                0x1fff822c                __malloc_sbrk_start
 .bss.__malloc_free_list
                0x1fff8230        0x4 c:/program files (x86)/cypress/psoc creator/4.2/psoc creator/import/gnu/arm/5.4.1/bin/../lib/gcc/arm-none-eabi/5.4.1/../../../../arm-none-eabi/lib/armv7-m\libg_nano.a(lib_a-nano-mallocr.o)
                0x1fff8230                __malloc_free_list
 *(COMMON)
 COMMON         0x1fff8234     0xead0 .\CortexM3\ARM_GCC_541\Debug\nav_control.o
                0x1fff8234                line_time
                0x1fff8238                frameVal
                0x20006c98                outputBuf
                0x20006cd8                average_buf
                0x20006d00                average_position
 COMMON         0x20006d04        0x4 c:/program files (x86)/cypress/psoc creator/4.2/psoc creator/import/gnu/arm/5.4.1/bin/../lib/gcc/arm-none-eabi/5.4.1/../../../../arm-none-eabi/lib/armv7-m\libg_nano.a(lib_a-reent.o)
                0x20006d04                errno
                0x20006d08                . = ALIGN (0x8)
 *(.ram.b)
                0x20006d08                _end = .
                0x20006d08                __end = .
                0x20006d08                PROVIDE (end, .)
                0x20006d08                PROVIDE (__bss_end__, .)
                0x00004e80                __cy_region_init_ram = LOADADDR (.data)
                0x000000d8                __cy_region_init_size_ram = (_edata - ADDR (.data))
                0x0000eb68                __cy_region_zero_size_ram = (_end - _edata)

.heap           0x20006d08       0x80 load address 0x00004f58
                0x20006d08                . = _end
                0x20006d88                . = (. + 0x80)
 *fill*         0x20006d08       0x80 
                0x20006d88                __cy_heap_limit = .

.stack          0x20007800      0x800
                0x20007800                __cy_stack_limit = .
                0x20008000                . = (. + 0x800)
 *fill*         0x20007800      0x800 
                0x00000001                ASSERT ((__cy_stack_limit >= __cy_heap_limit), region RAM overflowed with stack)
                0x00000000                cy_checksum_exclude_size = (CY_APPL_LOADABLE == 0x1)?SIZEOF (.cy_checksum_exclude):0x0
                0x00000001                ASSERT ((cy_checksum_exclude_size <= CY_CHECKSUM_EXCLUDE_SIZE), CY_BOOT: Section .cy_checksum_exclude size exceedes specified limit.)

.cyloadermeta
 *(.cyloadermeta)

.cyloadablemeta
 *(.cyloadablemeta)

.cyconfigecc    0x80000000      0x768
 *(.cyconfigecc)
 .cyconfigecc   0x80000000      0x768 .\CortexM3\ARM_GCC_541\Debug\cymetadata.o
                0x80000000                cy_meta_configecc

.cycustnvl      0x90000000        0x4
 *(.cycustnvl)
 .cycustnvl     0x90000000        0x4 .\CortexM3\ARM_GCC_541\Debug\cymetadata.o
                0x90000000                cy_meta_custnvl

.cywolatch      0x90100000        0x4
 *(.cywolatch)
 .cywolatch     0x90100000        0x4 .\CortexM3\ARM_GCC_541\Debug\cymetadata.o
                0x90100000                cy_meta_wonvl

.cyeeprom       0x90200000        0x0
 *(.cyeeprom)
                0x00000001                ASSERT ((. <= ((0x90200000 + ee_offset) + ee_size)), .cyeeprom data will not fit in EEPROM)

.cyflashprotect
                0x90400000      0x100
 *(.cyflashprotect)
 .cyflashprotect
                0x90400000      0x100 .\CortexM3\ARM_GCC_541\Debug\cymetadata.o
                0x90400000                cy_meta_flashprotect

.cymeta         0x90500000        0xc
 *(.cymeta)
 .cymeta        0x90500000        0xc .\CortexM3\ARM_GCC_541\Debug\cymetadata.o
                0x90500000                cy_metadata

.rel.dyn        0x00004f58        0x0 load address 0x9050000c
 .rel.iplt      0x00004f58        0x0 c:/program files (x86)/cypress/psoc creator/4.2/psoc creator/import/gnu/arm/5.4.1/bin/../lib/gcc/arm-none-eabi/5.4.1/armv7-m/crtbegin.o

.stab
 *(.stab)

.stabstr
 *(.stabstr)

.debug
 *(.debug)

.line
 *(.line)

.debug_srcinfo
 *(.debug_srcinfo)

.debug_sfnames
 *(.debug_sfnames)

.debug_aranges  0x00000000      0xeb8
 *(.debug_aranges)
 .debug_aranges
                0x00000000       0x48 .\CortexM3\ARM_GCC_541\Debug\main.o
 .debug_aranges
                0x00000048       0x50 .\CortexM3\ARM_GCC_541\Debug\nav_control.o
 .debug_aranges
                0x00000098       0x18 .\CortexM3\ARM_GCC_541\Debug\balloon.o
 .debug_aranges
                0x000000b0       0x58 .\CortexM3\ARM_GCC_541\Debug\cyfitter_cfg.o
 .debug_aranges
                0x00000108       0x18 .\CortexM3\ARM_GCC_541\Debug\cymetadata.o
 .debug_aranges
                0x00000120       0x48 .\CortexM3\ARM_GCC_541\Debug\Cm3Start.o
 .debug_aranges
                0x00000168       0xf0 .\CortexM3\ARM_GCC_541\Debug\nav_control.a(XBEE.o)
 .debug_aranges
                0x00000258       0x98 .\CortexM3\ARM_GCC_541\Debug\nav_control.a(LCD.o)
 .debug_aranges
                0x000002f0       0x80 .\CortexM3\ARM_GCC_541\Debug\nav_control.a(Hall_Interrupt.o)
 .debug_aranges
                0x00000370       0x90 .\CortexM3\ARM_GCC_541\Debug\nav_control.a(Counter.o)
 .debug_aranges
                0x00000400       0x80 .\CortexM3\ARM_GCC_541\Debug\nav_control.a(Counter_Interrupt.o)
 .debug_aranges
                0x00000480       0x28 .\CortexM3\ARM_GCC_541\Debug\nav_control.a(Counter_Reset.o)
 .debug_aranges
                0x000004a8       0x98 .\CortexM3\ARM_GCC_541\Debug\nav_control.a(PWM_Motor.o)
 .debug_aranges
                0x00000540       0x70 .\CortexM3\ARM_GCC_541\Debug\nav_control.a(XBEE_IntClock.o)
 .debug_aranges
                0x000005b0      0x2a0 .\CortexM3\ARM_GCC_541\Debug\nav_control.a(CyLib.o)
 .debug_aranges
                0x00000850       0x98 .\CortexM3\ARM_GCC_541\Debug\nav_control.a(cyPm.o)
 .debug_aranges
                0x000008e8       0x98 .\CortexM3\ARM_GCC_541\Debug\nav_control.a(Servo_PWM.o)
 .debug_aranges
                0x00000980       0x80 .\CortexM3\ARM_GCC_541\Debug\nav_control.a(H_Sync_Int.o)
 .debug_aranges
                0x00000a00       0x80 .\CortexM3\ARM_GCC_541\Debug\nav_control.a(V_Sync_Int.o)
 .debug_aranges
                0x00000a80       0x70 .\CortexM3\ARM_GCC_541\Debug\nav_control.a(Threshold_Comparator.o)
 .debug_aranges
                0x00000af0       0x88 .\CortexM3\ARM_GCC_541\Debug\nav_control.a(Line_Timer.o)
 .debug_aranges
                0x00000b78       0x28 .\CortexM3\ARM_GCC_541\Debug\nav_control.a(Line_Time_Reset.o)
 .debug_aranges
                0x00000ba0       0x80 .\CortexM3\ARM_GCC_541\Debug\nav_control.a(Line_Int.o)
 .debug_aranges
                0x00000c20       0x80 .\CortexM3\ARM_GCC_541\Debug\nav_control.a(Porch_Int.o)
 .debug_aranges
                0x00000ca0       0x80 .\CortexM3\ARM_GCC_541\Debug\nav_control.a(Go_Again_Int.o)
 .debug_aranges
                0x00000d20       0x38 .\CortexM3\ARM_GCC_541\Debug\nav_control.a(To_Pi.o)
 .debug_aranges
                0x00000d58       0x38 .\CortexM3\ARM_GCC_541\Debug\nav_control.a(From_Pi.o)
 .debug_aranges
                0x00000d90       0x20 .\CortexM3\ARM_GCC_541\Debug\nav_control.a(CyBootAsmGnu.o)
 .debug_aranges
                0x00000db0       0x88 .\CortexM3\ARM_GCC_541\Debug\nav_control.a(CyFlash.o)
 .debug_aranges
                0x00000e38       0x80 .\CortexM3\ARM_GCC_541\Debug\nav_control.a(CySpc.o)

.debug_pubnames
 *(.debug_pubnames)

.debug_info     0x00000000     0x7fbe
 *(.debug_info .gnu.linkonce.wi.*)
 .debug_info    0x00000000      0xe2d .\CortexM3\ARM_GCC_541\Debug\main.o
 .debug_info    0x00000e2d      0x535 .\CortexM3\ARM_GCC_541\Debug\nav_control.o
 .debug_info    0x00001362      0x147 .\CortexM3\ARM_GCC_541\Debug\balloon.o
 .debug_info    0x000014a9      0x615 .\CortexM3\ARM_GCC_541\Debug\cyfitter_cfg.o
 .debug_info    0x00001abe      0x139 .\CortexM3\ARM_GCC_541\Debug\cymetadata.o
 .debug_info    0x00001bf7      0x3bb .\CortexM3\ARM_GCC_541\Debug\Cm3Start.o
 .debug_info    0x00001fb2      0x60c .\CortexM3\ARM_GCC_541\Debug\nav_control.a(XBEE.o)
 .debug_info    0x000025be      0x715 .\CortexM3\ARM_GCC_541\Debug\nav_control.a(LCD.o)
 .debug_info    0x00002cd3      0x2d2 .\CortexM3\ARM_GCC_541\Debug\nav_control.a(Hall_Interrupt.o)
 .debug_info    0x00002fa5      0x2ee .\CortexM3\ARM_GCC_541\Debug\nav_control.a(Counter.o)
 .debug_info    0x00003293      0x2d2 .\CortexM3\ARM_GCC_541\Debug\nav_control.a(Counter_Interrupt.o)
 .debug_info    0x00003565       0xd6 .\CortexM3\ARM_GCC_541\Debug\nav_control.a(Counter_Reset.o)
 .debug_info    0x0000363b      0x334 .\CortexM3\ARM_GCC_541\Debug\nav_control.a(PWM_Motor.o)
 .debug_info    0x0000396f      0x283 .\CortexM3\ARM_GCC_541\Debug\nav_control.a(XBEE_IntClock.o)
 .debug_info    0x00003bf2     0x1374 .\CortexM3\ARM_GCC_541\Debug\nav_control.a(CyLib.o)
 .debug_info    0x00004f66      0xa2a .\CortexM3\ARM_GCC_541\Debug\nav_control.a(cyPm.o)
 .debug_info    0x00005990      0x351 .\CortexM3\ARM_GCC_541\Debug\nav_control.a(Servo_PWM.o)
 .debug_info    0x00005ce1      0x2d2 .\CortexM3\ARM_GCC_541\Debug\nav_control.a(H_Sync_Int.o)
 .debug_info    0x00005fb3      0x2d2 .\CortexM3\ARM_GCC_541\Debug\nav_control.a(V_Sync_Int.o)
 .debug_info    0x00006285      0x2c8 .\CortexM3\ARM_GCC_541\Debug\nav_control.a(Threshold_Comparator.o)
 .debug_info    0x0000654d      0x293 .\CortexM3\ARM_GCC_541\Debug\nav_control.a(Line_Timer.o)
 .debug_info    0x000067e0       0xd6 .\CortexM3\ARM_GCC_541\Debug\nav_control.a(Line_Time_Reset.o)
 .debug_info    0x000068b6      0x2d2 .\CortexM3\ARM_GCC_541\Debug\nav_control.a(Line_Int.o)
 .debug_info    0x00006b88      0x2d2 .\CortexM3\ARM_GCC_541\Debug\nav_control.a(Porch_Int.o)
 .debug_info    0x00006e5a      0x2d2 .\CortexM3\ARM_GCC_541\Debug\nav_control.a(Go_Again_Int.o)
 .debug_info    0x0000712c      0x11f .\CortexM3\ARM_GCC_541\Debug\nav_control.a(To_Pi.o)
 .debug_info    0x0000724b      0x11f .\CortexM3\ARM_GCC_541\Debug\nav_control.a(From_Pi.o)
 .debug_info    0x0000736a       0xb7 .\CortexM3\ARM_GCC_541\Debug\nav_control.a(CyBootAsmGnu.o)
 .debug_info    0x00007421      0x64d .\CortexM3\ARM_GCC_541\Debug\nav_control.a(CyFlash.o)
 .debug_info    0x00007a6e      0x550 .\CortexM3\ARM_GCC_541\Debug\nav_control.a(CySpc.o)

.debug_abbrev   0x00000000     0x25fa
 *(.debug_abbrev)
 .debug_abbrev  0x00000000      0x1df .\CortexM3\ARM_GCC_541\Debug\main.o
 .debug_abbrev  0x000001df      0x1a0 .\CortexM3\ARM_GCC_541\Debug\nav_control.o
 .debug_abbrev  0x0000037f       0x5c .\CortexM3\ARM_GCC_541\Debug\balloon.o
 .debug_abbrev  0x000003db      0x20d .\CortexM3\ARM_GCC_541\Debug\cyfitter_cfg.o
 .debug_abbrev  0x000005e8       0x77 .\CortexM3\ARM_GCC_541\Debug\cymetadata.o
 .debug_abbrev  0x0000065f      0x1e8 .\CortexM3\ARM_GCC_541\Debug\Cm3Start.o
 .debug_abbrev  0x00000847      0x175 .\CortexM3\ARM_GCC_541\Debug\nav_control.a(XBEE.o)
 .debug_abbrev  0x000009bc      0x157 .\CortexM3\ARM_GCC_541\Debug\nav_control.a(LCD.o)
 .debug_abbrev  0x00000b13      0x173 .\CortexM3\ARM_GCC_541\Debug\nav_control.a(Hall_Interrupt.o)
 .debug_abbrev  0x00000c86      0x12b .\CortexM3\ARM_GCC_541\Debug\nav_control.a(Counter.o)
 .debug_abbrev  0x00000db1      0x173 .\CortexM3\ARM_GCC_541\Debug\nav_control.a(Counter_Interrupt.o)
 .debug_abbrev  0x00000f24       0x81 .\CortexM3\ARM_GCC_541\Debug\nav_control.a(Counter_Reset.o)
 .debug_abbrev  0x00000fa5      0x133 .\CortexM3\ARM_GCC_541\Debug\nav_control.a(PWM_Motor.o)
 .debug_abbrev  0x000010d8      0x139 .\CortexM3\ARM_GCC_541\Debug\nav_control.a(XBEE_IntClock.o)
 .debug_abbrev  0x00001211      0x254 .\CortexM3\ARM_GCC_541\Debug\nav_control.a(CyLib.o)
 .debug_abbrev  0x00001465      0x1ab .\CortexM3\ARM_GCC_541\Debug\nav_control.a(cyPm.o)
 .debug_abbrev  0x00001610      0x133 .\CortexM3\ARM_GCC_541\Debug\nav_control.a(Servo_PWM.o)
 .debug_abbrev  0x00001743      0x173 .\CortexM3\ARM_GCC_541\Debug\nav_control.a(H_Sync_Int.o)
 .debug_abbrev  0x000018b6      0x173 .\CortexM3\ARM_GCC_541\Debug\nav_control.a(V_Sync_Int.o)
 .debug_abbrev  0x00001a29      0x16e .\CortexM3\ARM_GCC_541\Debug\nav_control.a(Threshold_Comparator.o)
 .debug_abbrev  0x00001b97      0x11a .\CortexM3\ARM_GCC_541\Debug\nav_control.a(Line_Timer.o)
 .debug_abbrev  0x00001cb1       0x81 .\CortexM3\ARM_GCC_541\Debug\nav_control.a(Line_Time_Reset.o)
 .debug_abbrev  0x00001d32      0x173 .\CortexM3\ARM_GCC_541\Debug\nav_control.a(Line_Int.o)
 .debug_abbrev  0x00001ea5      0x173 .\CortexM3\ARM_GCC_541\Debug\nav_control.a(Porch_Int.o)
 .debug_abbrev  0x00002018      0x173 .\CortexM3\ARM_GCC_541\Debug\nav_control.a(Go_Again_Int.o)
 .debug_abbrev  0x0000218b       0x90 .\CortexM3\ARM_GCC_541\Debug\nav_control.a(To_Pi.o)
 .debug_abbrev  0x0000221b       0x90 .\CortexM3\ARM_GCC_541\Debug\nav_control.a(From_Pi.o)
 .debug_abbrev  0x000022ab       0x14 .\CortexM3\ARM_GCC_541\Debug\nav_control.a(CyBootAsmGnu.o)
 .debug_abbrev  0x000022bf      0x1a7 .\CortexM3\ARM_GCC_541\Debug\nav_control.a(CyFlash.o)
 .debug_abbrev  0x00002466      0x194 .\CortexM3\ARM_GCC_541\Debug\nav_control.a(CySpc.o)

.debug_line     0x00000000     0x3668
 *(.debug_line)
 .debug_line    0x00000000      0x46f .\CortexM3\ARM_GCC_541\Debug\main.o
 .debug_line    0x0000046f      0x2c1 .\CortexM3\ARM_GCC_541\Debug\nav_control.o
 .debug_line    0x00000730      0x15d .\CortexM3\ARM_GCC_541\Debug\balloon.o
 .debug_line    0x0000088d      0x206 .\CortexM3\ARM_GCC_541\Debug\cyfitter_cfg.o
 .debug_line    0x00000a93      0x141 .\CortexM3\ARM_GCC_541\Debug\cymetadata.o
 .debug_line    0x00000bd4      0x234 .\CortexM3\ARM_GCC_541\Debug\Cm3Start.o
 .debug_line    0x00000e08      0x2bc .\CortexM3\ARM_GCC_541\Debug\nav_control.a(XBEE.o)
 .debug_line    0x000010c4      0x1dc .\CortexM3\ARM_GCC_541\Debug\nav_control.a(LCD.o)
 .debug_line    0x000012a0      0x13b .\CortexM3\ARM_GCC_541\Debug\nav_control.a(Hall_Interrupt.o)
 .debug_line    0x000013db      0x172 .\CortexM3\ARM_GCC_541\Debug\nav_control.a(Counter.o)
 .debug_line    0x0000154d      0x13e .\CortexM3\ARM_GCC_541\Debug\nav_control.a(Counter_Interrupt.o)
 .debug_line    0x0000168b       0x75 .\CortexM3\ARM_GCC_541\Debug\nav_control.a(Counter_Reset.o)
 .debug_line    0x00001700      0x189 .\CortexM3\ARM_GCC_541\Debug\nav_control.a(PWM_Motor.o)
 .debug_line    0x00001889      0x17c .\CortexM3\ARM_GCC_541\Debug\nav_control.a(XBEE_IntClock.o)
 .debug_line    0x00001a05      0x816 .\CortexM3\ARM_GCC_541\Debug\nav_control.a(CyLib.o)
 .debug_line    0x0000221b      0x367 .\CortexM3\ARM_GCC_541\Debug\nav_control.a(cyPm.o)
 .debug_line    0x00002582      0x18c .\CortexM3\ARM_GCC_541\Debug\nav_control.a(Servo_PWM.o)
 .debug_line    0x0000270e      0x137 .\CortexM3\ARM_GCC_541\Debug\nav_control.a(H_Sync_Int.o)
 .debug_line    0x00002845      0x137 .\CortexM3\ARM_GCC_541\Debug\nav_control.a(V_Sync_Int.o)
 .debug_line    0x0000297c      0x173 .\CortexM3\ARM_GCC_541\Debug\nav_control.a(Threshold_Comparator.o)
 .debug_line    0x00002aef      0x158 .\CortexM3\ARM_GCC_541\Debug\nav_control.a(Line_Timer.o)
 .debug_line    0x00002c47       0x77 .\CortexM3\ARM_GCC_541\Debug\nav_control.a(Line_Time_Reset.o)
 .debug_line    0x00002cbe      0x135 .\CortexM3\ARM_GCC_541\Debug\nav_control.a(Line_Int.o)
 .debug_line    0x00002df3      0x136 .\CortexM3\ARM_GCC_541\Debug\nav_control.a(Porch_Int.o)
 .debug_line    0x00002f29      0x139 .\CortexM3\ARM_GCC_541\Debug\nav_control.a(Go_Again_Int.o)
 .debug_line    0x00003062       0x92 .\CortexM3\ARM_GCC_541\Debug\nav_control.a(To_Pi.o)
 .debug_line    0x000030f4       0x94 .\CortexM3\ARM_GCC_541\Debug\nav_control.a(From_Pi.o)
 .debug_line    0x00003188       0x66 .\CortexM3\ARM_GCC_541\Debug\nav_control.a(CyBootAsmGnu.o)
 .debug_line    0x000031ee      0x21a .\CortexM3\ARM_GCC_541\Debug\nav_control.a(CyFlash.o)
 .debug_line    0x00003408      0x260 .\CortexM3\ARM_GCC_541\Debug\nav_control.a(CySpc.o)

.debug_frame    0x00000000     0x2b48
 *(.debug_frame)
 .debug_frame   0x00000000       0xc0 .\CortexM3\ARM_GCC_541\Debug\main.o
 .debug_frame   0x000000c0       0xc4 .\CortexM3\ARM_GCC_541\Debug\nav_control.o
 .debug_frame   0x00000184       0xe4 .\CortexM3\ARM_GCC_541\Debug\cyfitter_cfg.o
 .debug_frame   0x00000268       0xb8 .\CortexM3\ARM_GCC_541\Debug\Cm3Start.o
 .debug_frame   0x00000320      0x250 .\CortexM3\ARM_GCC_541\Debug\nav_control.a(XBEE.o)
 .debug_frame   0x00000570      0x1e8 .\CortexM3\ARM_GCC_541\Debug\nav_control.a(LCD.o)
 .debug_frame   0x00000758      0x104 .\CortexM3\ARM_GCC_541\Debug\nav_control.a(Hall_Interrupt.o)
 .debug_frame   0x0000085c      0x124 .\CortexM3\ARM_GCC_541\Debug\nav_control.a(Counter.o)
 .debug_frame   0x00000980      0x104 .\CortexM3\ARM_GCC_541\Debug\nav_control.a(Counter_Interrupt.o)
 .debug_frame   0x00000a84       0x30 .\CortexM3\ARM_GCC_541\Debug\nav_control.a(Counter_Reset.o)
 .debug_frame   0x00000ab4      0x134 .\CortexM3\ARM_GCC_541\Debug\nav_control.a(PWM_Motor.o)
 .debug_frame   0x00000be8       0xe0 .\CortexM3\ARM_GCC_541\Debug\nav_control.a(XBEE_IntClock.o)
 .debug_frame   0x00000cc8      0x738 .\CortexM3\ARM_GCC_541\Debug\nav_control.a(CyLib.o)
 .debug_frame   0x00001400      0x1f8 .\CortexM3\ARM_GCC_541\Debug\nav_control.a(cyPm.o)
 .debug_frame   0x000015f8      0x134 .\CortexM3\ARM_GCC_541\Debug\nav_control.a(Servo_PWM.o)
 .debug_frame   0x0000172c      0x104 .\CortexM3\ARM_GCC_541\Debug\nav_control.a(H_Sync_Int.o)
 .debug_frame   0x00001830      0x104 .\CortexM3\ARM_GCC_541\Debug\nav_control.a(V_Sync_Int.o)
 .debug_frame   0x00001934      0x108 .\CortexM3\ARM_GCC_541\Debug\nav_control.a(Threshold_Comparator.o)
 .debug_frame   0x00001a3c      0x108 .\CortexM3\ARM_GCC_541\Debug\nav_control.a(Line_Timer.o)
 .debug_frame   0x00001b44       0x30 .\CortexM3\ARM_GCC_541\Debug\nav_control.a(Line_Time_Reset.o)
 .debug_frame   0x00001b74      0x104 .\CortexM3\ARM_GCC_541\Debug\nav_control.a(Line_Int.o)
 .debug_frame   0x00001c78      0x104 .\CortexM3\ARM_GCC_541\Debug\nav_control.a(Porch_Int.o)
 .debug_frame   0x00001d7c      0x104 .\CortexM3\ARM_GCC_541\Debug\nav_control.a(Go_Again_Int.o)
 .debug_frame   0x00001e80       0x50 .\CortexM3\ARM_GCC_541\Debug\nav_control.a(To_Pi.o)
 .debug_frame   0x00001ed0       0x50 .\CortexM3\ARM_GCC_541\Debug\nav_control.a(From_Pi.o)
 .debug_frame   0x00001f20      0x194 .\CortexM3\ARM_GCC_541\Debug\nav_control.a(CyFlash.o)
 .debug_frame   0x000020b4      0x180 .\CortexM3\ARM_GCC_541\Debug\nav_control.a(CySpc.o)
 .debug_frame   0x00002234       0x20 c:/program files (x86)/cypress/psoc creator/4.2/psoc creator/import/gnu/arm/5.4.1/bin/../lib/gcc/arm-none-eabi/5.4.1/../../../../arm-none-eabi/lib/armv7-m\libg_nano.a(lib_a-atof.o)
 .debug_frame   0x00002254       0x20 c:/program files (x86)/cypress/psoc creator/4.2/psoc creator/import/gnu/arm/5.4.1/bin/../lib/gcc/arm-none-eabi/5.4.1/../../../../arm-none-eabi/lib/armv7-m\libg_nano.a(lib_a-errno.o)
 .debug_frame   0x00002274       0x28 c:/program files (x86)/cypress/psoc creator/4.2/psoc creator/import/gnu/arm/5.4.1/bin/../lib/gcc/arm-none-eabi/5.4.1/../../../../arm-none-eabi/lib/armv7-m\libg_nano.a(lib_a-exit.o)
 .debug_frame   0x0000229c       0x2c c:/program files (x86)/cypress/psoc creator/4.2/psoc creator/import/gnu/arm/5.4.1/bin/../lib/gcc/arm-none-eabi/5.4.1/../../../../arm-none-eabi/lib/armv7-m\libg_nano.a(lib_a-init.o)
 .debug_frame   0x000022c8       0x28 c:/program files (x86)/cypress/psoc creator/4.2/psoc creator/import/gnu/arm/5.4.1/bin/../lib/gcc/arm-none-eabi/5.4.1/../../../../arm-none-eabi/lib/armv7-m\libg_nano.a(lib_a-memcpy-stub.o)
 .debug_frame   0x000022f0       0x20 c:/program files (x86)/cypress/psoc creator/4.2/psoc creator/import/gnu/arm/5.4.1/bin/../lib/gcc/arm-none-eabi/5.4.1/../../../../arm-none-eabi/lib/armv7-m\libg_nano.a(lib_a-memset.o)
 .debug_frame   0x00002310       0x70 c:/program files (x86)/cypress/psoc creator/4.2/psoc creator/import/gnu/arm/5.4.1/bin/../lib/gcc/arm-none-eabi/5.4.1/../../../../arm-none-eabi/lib/armv7-m\libg_nano.a(lib_a-sprintf.o)
 .debug_frame   0x00002380       0x98 c:/program files (x86)/cypress/psoc creator/4.2/psoc creator/import/gnu/arm/5.4.1/bin/../lib/gcc/arm-none-eabi/5.4.1/../../../../arm-none-eabi/lib/armv7-m\libg_nano.a(lib_a-strtod.o)
 .debug_frame   0x00002418       0x70 c:/program files (x86)/cypress/psoc creator/4.2/psoc creator/import/gnu/arm/5.4.1/bin/../lib/gcc/arm-none-eabi/5.4.1/../../../../arm-none-eabi/lib/armv7-m\libg_nano.a(lib_a-gdtoa-gethex.o)
 .debug_frame   0x00002488       0x74 c:/program files (x86)/cypress/psoc creator/4.2/psoc creator/import/gnu/arm/5.4.1/bin/../lib/gcc/arm-none-eabi/5.4.1/../../../../arm-none-eabi/lib/armv7-m\libg_nano.a(lib_a-gdtoa-hexnan.o)
 .debug_frame   0x000024fc       0x98 c:/program files (x86)/cypress/psoc creator/4.2/psoc creator/import/gnu/arm/5.4.1/bin/../lib/gcc/arm-none-eabi/5.4.1/../../../../arm-none-eabi/lib/armv7-m\libg_nano.a(lib_a-locale.o)
 .debug_frame   0x00002594      0x234 c:/program files (x86)/cypress/psoc creator/4.2/psoc creator/import/gnu/arm/5.4.1/bin/../lib/gcc/arm-none-eabi/5.4.1/../../../../arm-none-eabi/lib/armv7-m\libg_nano.a(lib_a-mprec.o)
 .debug_frame   0x000027c8       0x2c c:/program files (x86)/cypress/psoc creator/4.2/psoc creator/import/gnu/arm/5.4.1/bin/../lib/gcc/arm-none-eabi/5.4.1/../../../../arm-none-eabi/lib/armv7-m\libg_nano.a(lib_a-nano-callocr.o)
 .debug_frame   0x000027f4       0x2c c:/program files (x86)/cypress/psoc creator/4.2/psoc creator/import/gnu/arm/5.4.1/bin/../lib/gcc/arm-none-eabi/5.4.1/../../../../arm-none-eabi/lib/armv7-m\libg_nano.a(lib_a-nano-mallocr.o)
 .debug_frame   0x00002820       0x90 c:/program files (x86)/cypress/psoc creator/4.2/psoc creator/import/gnu/arm/5.4.1/bin/../lib/gcc/arm-none-eabi/5.4.1/../../../../arm-none-eabi/lib/armv7-m\libg_nano.a(lib_a-nano-svfprintf.o)
 .debug_frame   0x000028b0       0x60 c:/program files (x86)/cypress/psoc creator/4.2/psoc creator/import/gnu/arm/5.4.1/bin/../lib/gcc/arm-none-eabi/5.4.1/../../../../arm-none-eabi/lib/armv7-m\libg_nano.a(lib_a-nano-vfprintf_i.o)
 .debug_frame   0x00002910       0x2c c:/program files (x86)/cypress/psoc creator/4.2/psoc creator/import/gnu/arm/5.4.1/bin/../lib/gcc/arm-none-eabi/5.4.1/../../../../arm-none-eabi/lib/armv7-m\libg_nano.a(lib_a-sbrkr.o)
 .debug_frame   0x0000293c       0x20 c:/program files (x86)/cypress/psoc creator/4.2/psoc creator/import/gnu/arm/5.4.1/bin/../lib/gcc/arm-none-eabi/5.4.1/../../../../arm-none-eabi/lib/armv7-m\libg_nano.a(lib_a-sf_nan.o)
 .debug_frame   0x0000295c       0x20 c:/program files (x86)/cypress/psoc creator/4.2/psoc creator/import/gnu/arm/5.4.1/bin/../lib/gcc/arm-none-eabi/5.4.1/../../../../arm-none-eabi/lib/armv7-m\libg_nano.a(lib_a-strcmp.o)
 .debug_frame   0x0000297c       0x2c c:/program files (x86)/cypress/psoc creator/4.2/psoc creator/import/gnu/arm/5.4.1/bin/../lib/gcc/arm-none-eabi/5.4.1/../../../../arm-none-eabi/lib/armv7-m\libg_nano.a(lib_a-strncmp.o)
 .debug_frame   0x000029a8       0x30 c:/program files (x86)/cypress/psoc creator/4.2/psoc creator/import/gnu/arm/5.4.1/bin/../lib/gcc/arm-none-eabi/5.4.1/../../../../arm-none-eabi/lib/armv7-m\libg_nano.a(lib_a-malloc.o)
 .debug_frame   0x000029d8       0x28 c:/program files (x86)/cypress/psoc creator/4.2/psoc creator/import/gnu/arm/5.4.1/bin/../lib/gcc/arm-none-eabi/5.4.1/../../../../arm-none-eabi/lib/armv7-m\libg_nano.a(lib_a-memchr-stub.o)
 .debug_frame   0x00002a00       0x28 c:/program files (x86)/cypress/psoc creator/4.2/psoc creator/import/gnu/arm/5.4.1/bin/../lib/gcc/arm-none-eabi/5.4.1/../../../../arm-none-eabi/lib/armv7-m\libg_nano.a(lib_a-memmove.o)
 .debug_frame   0x00002a28       0x30 c:/program files (x86)/cypress/psoc creator/4.2/psoc creator/import/gnu/arm/5.4.1/bin/../lib/gcc/arm-none-eabi/5.4.1/../../../../arm-none-eabi/lib/armv7-m\libg_nano.a(lib_a-mlock.o)
 .debug_frame   0x00002a58       0x38 c:/program files (x86)/cypress/psoc creator/4.2/psoc creator/import/gnu/arm/5.4.1/bin/../lib/gcc/arm-none-eabi/5.4.1/../../../../arm-none-eabi/lib/armv7-m\libg_nano.a(lib_a-nano-freer.o)
 .debug_frame   0x00002a90       0x3c c:/program files (x86)/cypress/psoc creator/4.2/psoc creator/import/gnu/arm/5.4.1/bin/../lib/gcc/arm-none-eabi/5.4.1/../../../../arm-none-eabi/lib/armv7-m\libg_nano.a(lib_a-nano-reallocr.o)
 .debug_frame   0x00002acc       0x5c c:/program files (x86)/cypress/psoc creator/4.2/psoc creator/import/gnu/arm/5.4.1/bin/../lib/gcc/arm-none-eabi/5.4.1/../../../../arm-none-eabi/lib/armv7-m\libg_nano.a(lib_a-reent.o)
 .debug_frame   0x00002b28       0x20 c:/program files (x86)/cypress/psoc creator/4.2/psoc creator/import/gnu/arm/5.4.1/bin/../lib/gcc/arm-none-eabi/5.4.1/../../../../arm-none-eabi/lib/armv7-m\libg_nano.a(lib_a-nano-msizer.o)

.debug_str      0x00000000     0x2e23
 *(.debug_str)
 .debug_str     0x00000000      0x568 .\CortexM3\ARM_GCC_541\Debug\main.o
                                0x5db (size before relaxing)
 .debug_str     0x00000568      0x17e .\CortexM3\ARM_GCC_541\Debug\nav_control.o
                                0x429 (size before relaxing)
 .debug_str     0x000006e6        0xa .\CortexM3\ARM_GCC_541\Debug\balloon.o
                                0x23a (size before relaxing)
 .debug_str     0x000006f0      0x1a9 .\CortexM3\ARM_GCC_541\Debug\cyfitter_cfg.o
                                0x371 (size before relaxing)
 .debug_str     0x00000899       0x7f .\CortexM3\ARM_GCC_541\Debug\cymetadata.o
                                0x20b (size before relaxing)
 .debug_str     0x00000918      0x13e .\CortexM3\ARM_GCC_541\Debug\Cm3Start.o
                                0x331 (size before relaxing)
 .debug_str     0x00000a56      0x29d .\CortexM3\ARM_GCC_541\Debug\nav_control.a(XBEE.o)
                                0x49c (size before relaxing)
 .debug_str     0x00000cf3      0x138 .\CortexM3\ARM_GCC_541\Debug\nav_control.a(LCD.o)
                                0x352 (size before relaxing)
 .debug_str     0x00000e2b      0x14e .\CortexM3\ARM_GCC_541\Debug\nav_control.a(Hall_Interrupt.o)
                                0x34b (size before relaxing)
 .debug_str     0x00000f79      0x175 .\CortexM3\ARM_GCC_541\Debug\nav_control.a(Counter.o)
                                0x386 (size before relaxing)
 .debug_str     0x000010ee      0x176 .\CortexM3\ARM_GCC_541\Debug\nav_control.a(Counter_Interrupt.o)
                                0x375 (size before relaxing)
 .debug_str     0x00001264       0x3a .\CortexM3\ARM_GCC_541\Debug\nav_control.a(Counter_Reset.o)
                                0x1ee (size before relaxing)
 .debug_str     0x0000129e      0x19e .\CortexM3\ARM_GCC_541\Debug\nav_control.a(PWM_Motor.o)
                                0x3c4 (size before relaxing)
 .debug_str     0x0000143c      0x189 .\CortexM3\ARM_GCC_541\Debug\nav_control.a(XBEE_IntClock.o)
                                0x35d (size before relaxing)
 .debug_str     0x000015c5      0x7d9 .\CortexM3\ARM_GCC_541\Debug\nav_control.a(CyLib.o)
                                0xa6e (size before relaxing)
 .debug_str     0x00001d9e      0x365 .\CortexM3\ARM_GCC_541\Debug\nav_control.a(cyPm.o)
                                0x75a (size before relaxing)
 .debug_str     0x00002103      0x18a .\CortexM3\ARM_GCC_541\Debug\nav_control.a(Servo_PWM.o)
                                0x3d1 (size before relaxing)
 .debug_str     0x0000228d      0x106 .\CortexM3\ARM_GCC_541\Debug\nav_control.a(H_Sync_Int.o)
                                0x313 (size before relaxing)
 .debug_str     0x00002393      0x106 .\CortexM3\ARM_GCC_541\Debug\nav_control.a(V_Sync_Int.o)
                                0x313 (size before relaxing)
 .debug_str     0x00002499      0x1c8 .\CortexM3\ARM_GCC_541\Debug\nav_control.a(Threshold_Comparator.o)
                                0x3b5 (size before relaxing)
 .debug_str     0x00002661      0x165 .\CortexM3\ARM_GCC_541\Debug\nav_control.a(Line_Timer.o)
                                0x36c (size before relaxing)
 .debug_str     0x000027c6       0x3e .\CortexM3\ARM_GCC_541\Debug\nav_control.a(Line_Time_Reset.o)
                                0x1f4 (size before relaxing)
 .debug_str     0x00002804       0xee .\CortexM3\ARM_GCC_541\Debug\nav_control.a(Line_Int.o)
                                0x2f7 (size before relaxing)
 .debug_str     0x000028f2       0xfa .\CortexM3\ARM_GCC_541\Debug\nav_control.a(Porch_Int.o)
                                0x305 (size before relaxing)
 .debug_str     0x000029ec      0x11e .\CortexM3\ARM_GCC_541\Debug\nav_control.a(Go_Again_Int.o)
                                0x32f (size before relaxing)
 .debug_str     0x00002b0a       0x5a .\CortexM3\ARM_GCC_541\Debug\nav_control.a(To_Pi.o)
                                0x209 (size before relaxing)
 .debug_str     0x00002b64       0x58 .\CortexM3\ARM_GCC_541\Debug\nav_control.a(From_Pi.o)
                                0x213 (size before relaxing)
 .debug_str     0x00002bbc      0x1bb .\CortexM3\ARM_GCC_541\Debug\nav_control.a(CyFlash.o)
                                0x3e7 (size before relaxing)
 .debug_str     0x00002d77       0xac .\CortexM3\ARM_GCC_541\Debug\nav_control.a(CySpc.o)
                                0x35f (size before relaxing)

.debug_loc      0x00000000     0x2b20
 *(.debug_loc)
 .debug_loc     0x00000000      0x32e .\CortexM3\ARM_GCC_541\Debug\main.o
 .debug_loc     0x0000032e      0x238 .\CortexM3\ARM_GCC_541\Debug\nav_control.o
 .debug_loc     0x00000566      0x25a .\CortexM3\ARM_GCC_541\Debug\cyfitter_cfg.o
 .debug_loc     0x000007c0      0x144 .\CortexM3\ARM_GCC_541\Debug\Cm3Start.o
 .debug_loc     0x00000904      0x258 .\CortexM3\ARM_GCC_541\Debug\nav_control.a(XBEE.o)
 .debug_loc     0x00000b5c      0x3c6 .\CortexM3\ARM_GCC_541\Debug\nav_control.a(LCD.o)
 .debug_loc     0x00000f22       0x56 .\CortexM3\ARM_GCC_541\Debug\nav_control.a(Hall_Interrupt.o)
 .debug_loc     0x00000f78       0x13 .\CortexM3\ARM_GCC_541\Debug\nav_control.a(Counter.o)
 .debug_loc     0x00000f8b       0x56 .\CortexM3\ARM_GCC_541\Debug\nav_control.a(Counter_Interrupt.o)
 .debug_loc     0x00000fe1       0x26 .\CortexM3\ARM_GCC_541\Debug\nav_control.a(PWM_Motor.o)
 .debug_loc     0x00001007      0x128 .\CortexM3\ARM_GCC_541\Debug\nav_control.a(XBEE_IntClock.o)
 .debug_loc     0x0000112f      0xa11 .\CortexM3\ARM_GCC_541\Debug\nav_control.a(CyLib.o)
 .debug_loc     0x00001b40      0x1e4 .\CortexM3\ARM_GCC_541\Debug\nav_control.a(cyPm.o)
 .debug_loc     0x00001d24       0x26 .\CortexM3\ARM_GCC_541\Debug\nav_control.a(Servo_PWM.o)
 .debug_loc     0x00001d4a       0x56 .\CortexM3\ARM_GCC_541\Debug\nav_control.a(H_Sync_Int.o)
 .debug_loc     0x00001da0       0x56 .\CortexM3\ARM_GCC_541\Debug\nav_control.a(V_Sync_Int.o)
 .debug_loc     0x00001df6       0xed .\CortexM3\ARM_GCC_541\Debug\nav_control.a(Threshold_Comparator.o)
 .debug_loc     0x00001ee3       0x56 .\CortexM3\ARM_GCC_541\Debug\nav_control.a(Line_Int.o)
 .debug_loc     0x00001f39       0x56 .\CortexM3\ARM_GCC_541\Debug\nav_control.a(Porch_Int.o)
 .debug_loc     0x00001f8f       0x56 .\CortexM3\ARM_GCC_541\Debug\nav_control.a(Go_Again_Int.o)
 .debug_loc     0x00001fe5       0x42 .\CortexM3\ARM_GCC_541\Debug\nav_control.a(To_Pi.o)
 .debug_loc     0x00002027       0x42 .\CortexM3\ARM_GCC_541\Debug\nav_control.a(From_Pi.o)
 .debug_loc     0x00002069      0x3b2 .\CortexM3\ARM_GCC_541\Debug\nav_control.a(CyFlash.o)